Archive member included to satisfy reference by file (symbol)

cpu/br28/liba/cpu.a(iic_hw_v1.c.o)
                              objs/cpu/periph_demo/iic_master_demo.c.o (symbol from plugin) (hw_iic_init)
cpu/br28/liba/cpu.a(gpadc.c.o)
                              objs/cpu/br28/charge/charge.c.o (symbol from plugin) (adc_get_voltage)
cpu/br28/liba/cpu.a(spi_hw_v1.c.o)
                              objs/cpu/periph_demo/spi_test.c.o (symbol from plugin) (spi_open)
cpu/br28/liba/cpu.a(vm_sfc.c.o)
                              objs/apps/common/fat_nor/cfg_private.c.o (symbol from plugin) (norflash_read)
cpu/br28/liba/cpu.a(startup.S.o)
                              objs/apps/common/clock_manager/clock_manager.c.o (symbol from plugin) (__cpu_irq_disabled)
cpu/br28/liba/cpu.a(gpadc_hw_v10.c.o)
                              gpadc.c.o (symbol from plugin) (adc_data_res_check)
cpu/br28/liba/cpu.a(cache.c.o)
                              vm_sfc.c.o (symbol from plugin) (IcuPfetchRegion)
cpu/br28/liba/cpu.a(clock.c.o)
                              objs/cpu/br28/charge/charge.c.o (symbol from plugin) (udelay)
cpu/br28/liba/cpu.a(crc16.c.o)
                              objs/cpu/br28/setup.c.o (symbol from plugin) (__crc16_mutex_init)
cpu/br28/liba/cpu.a(gpio_func.c.o)
                              objs/cpu/br28/periph/led/pwm_led.c.o (symbol from plugin) (gpio_set_function)
cpu/br28/liba/cpu.a(wdt.c.o)  objs/apps/common/update/update.c.o (symbol from plugin) (wdt_clear)
cpu/br28/liba/cpu.a(debug.c.o)
                              objs/cpu/br28/setup.c.o (symbol from plugin) (debug_init)
cpu/br28/liba/cpu.a(gpio.c.o)
                              objs/apps/common/config/bt_name_parse.c.o (symbol from plugin) (gpio_set_mode)
cpu/br28/liba/cpu.a(efuse.c.o)
                              objs/cpu/br28/charge/charge.c.o (symbol from plugin) (efuse_get_vbat_trim_4p20)
cpu/br28/liba/cpu.a(gpio_hw.c.o)
                              objs/apps/common/device/usb/usb_config.c.o (symbol from plugin) (usb_iomode)
cpu/br28/liba/cpu.a(gpio_irq.c.o)
                              objs/cpu/periph_demo/spi_test.c.o (symbol from plugin) (gpio_irq_config)
cpu/br28/liba/cpu.a(inside_flash.c.o)
                              objs/apps/common/update/update.c.o (symbol from plugin) (norflash_set_write_protect)
cpu/br28/liba/cpu.a(sfc_spi.c.o)
                              vm_sfc.c.o (symbol from plugin) (sfc1_flash_addr2cpu_addr)
cpu/br28/liba/cpu.a(gpadc_hw.c.o)
                              objs/apps/common/config/bt_name_parse.c.o (symbol from plugin) (adc_io2ch)
cpu/br28/liba/cpu.a(gptimer.c.o)
                              objs/cpu/components/ir_decoder.c.o (symbol from plugin) (gptimer_init)
cpu/br28/liba/cpu.a(gptimer_hw_v2.c.o)
                              gptimer.c.o (symbol from plugin) (timer_hw_tid2timer)
cpu/br28/liba/cpu.a(peripherials.c.o)
                              objs/cpu/br28/power/power_app.c.o (symbol from plugin) (gpio_close)
cpu/br28/liba/cpu.a(pmu_wakeup.c.o)
                              objs/cpu/br28/charge/charge_config.c.o (symbol from plugin) (p33_io_wakeup_port_init)
cpu/br28/liba/cpu.a(power_compat.c.o)
                              objs/apps/earphone/app_main.c.o (symbol from plugin) (cpu_reset_by_soft)
cpu/br28/liba/cpu.a(port.c.o)
                              objs/cpu/br28/power/power_port.c.o (symbol from plugin) (port_protect)
cpu/br28/liba/cpu.a(p33.c.o)  gpadc.c.o (symbol from plugin) (get_vddiom_vol)
cpu/br28/liba/cpu.a(reset.c.o)
                              objs/cpu/br28/charge/charge.c.o (symbol from plugin) (is_reset_source)
cpu/br28/liba/cpu.a(p33_io_pinr_v1.c.o)
                              objs/cpu/br28/setup.c.o (symbol from plugin) (gpio_longpress_pin0_reset_config)
cpu/br28/liba/cpu.a(power_driver.c.o)
                              objs/cpu/br28/setup.c.o (symbol from plugin) (p11_init)
cpu/br28/liba/cpu.a(lp_ipc.c.o)
                              wdt.c.o (symbol from plugin) (msys_to_p11_sync_cmd)
cpu/br28/liba/cpu.a(power_trim.c.o)
                              power_driver.c.o (symbol from plugin) (get_wvdd_trim_level)
cpu/br28/liba/cpu.a(lptmr.c.o)
                              power_driver.c.o (symbol from plugin) (__lp_timer_dump)
cpu/br28/liba/cpu.a(lrc.c.o)  objs/cpu/br28/periph/led/pwm_led.c.o (symbol from plugin) (__get_lrc_hz)
cpu/br28/liba/cpu.a(poff_bk.c.o)
                              power_driver.c.o (symbol from plugin) (rom_gpio_enter_deep_sleep)
cpu/br28/liba/cpu.a(cap_rch.c.o)
                              power_driver.c.o (symbol from plugin) (cap_rch_enable)
cpu/br28/liba/cpu.a(power_wakeup.c.o)
                              objs/apps/earphone/app_main.c.o (symbol from plugin) (is_ldo5v_wakeup)
cpu/br28/liba/cpu.a(basic_funt.c.o)
                              pmu_wakeup.c.o (symbol from plugin) (Gpio_to_imap)
cpu/br28/liba/cpu.a(power_sfc.c.o)
                              power_driver.c.o (symbol from plugin) (hw_flash_pwr_en)
[...]
Memory Configuration

Name             Origin             Length             Attributes
code0            0x06000100         0x00100000         xr
ram0             0x00160000         0x0003fb80         xrw
psr_ram          0x02000000         0x00800000         xrw
*default*        0x00000000         0xffffffff

Linker script and memory map

LOAD objs/apps/common/app_mode_manager/app_mode_manager.c.o
LOAD cpu/br28/tools/sdk.elf.o
LOAD objs/apps/common/bt_common/bt_fre_offset_storage.c.o
LOAD objs/apps/common/cJSON/cJSON.c.o
LOAD objs/apps/common/clock_manager/clock_manager.c.o
LOAD objs/apps/common/config/app_config.c.o
LOAD objs/apps/common/config/bt_name_parse.c.o
LOAD objs/apps/common/config/bt_profile_config.c.o
LOAD objs/apps/common/config/cfg_tool_cdc.c.o
LOAD objs/apps/common/config/cfg_tool_statistics_functions/cfg_tool_statistics.c.o
LOAD objs/apps/common/config/ci_transport_uart.c.o
LOAD objs/apps/common/config/new_cfg_tool.c.o
LOAD objs/apps/common/debug/debug.c.o
LOAD objs/apps/common/debug/debug_lite.c.o
LOAD objs/apps/common/debug/debug_uart_config.c.o
LOAD objs/apps/common/debug/dlog_config.c.o
LOAD objs/apps/common/debug/dlog_output_config.c.o
LOAD objs/apps/common/dev_manager/dev_manager.c.o
LOAD objs/apps/common/dev_manager/dev_reg.c.o
LOAD objs/apps/common/dev_manager/dev_update.c.o
LOAD objs/apps/common/device/eartouch/eartouch_iic_interface.c.o
LOAD objs/apps/common/device/eartouch/eartouch_manage.c.o
LOAD objs/apps/common/device/eartouch/hx300x/hx300x_driver.c.o
LOAD objs/apps/common/device/eartouch/outside_tch_driver.c.o
LOAD objs/apps/common/device/in_ear_detect/in_ear_detect.c.o
LOAD objs/apps/common/device/in_ear_detect/in_ear_manage.c.o
LOAD objs/apps/common/device/key/adkey.c.o
LOAD objs/apps/common/device/key/adkey_rtcvdd.c.o
LOAD objs/apps/common/device/key/ctmu_touch_key.c.o
LOAD objs/apps/common/device/key/iokey.c.o
LOAD objs/apps/common/device/key/irkey.c.o
LOAD objs/apps/common/device/key/key_driver.c.o
LOAD objs/apps/common/device/key/touch_key.c.o
LOAD objs/apps/common/device/key/uart_key.c.o
LOAD objs/apps/common/device/sensor/imu_sensor/icm_42670p/icm_42670p.c.o
LOAD objs/apps/common/device/sensor/imu_sensor/icm_42670p/inv_imu_apex.c.o
LOAD objs/apps/common/device/sensor/imu_sensor/icm_42670p/inv_imu_driver.c.o
LOAD objs/apps/common/device/sensor/imu_sensor/icm_42670p/inv_imu_transport.c.o
LOAD objs/apps/common/device/sensor/imu_sensor/imuSensor_manage.c.o
LOAD objs/apps/common/device/sensor/imu_sensor/lsm6dsl/lsm6dsl.c.o
LOAD objs/apps/common/device/sensor/imu_sensor/mpu6887/mpu6887p.c.o
LOAD objs/apps/common/device/sensor/imu_sensor/mpu9250/mpu9250.c.o
LOAD objs/apps/common/device/sensor/imu_sensor/qmi8658/qmi8658c.c.o
LOAD objs/apps/common/device/sensor/imu_sensor/sh3001/sh3001.c.o
LOAD objs/apps/common/device/sensor/ir_sensor/ir_manage.c.o
LOAD objs/apps/common/device/sensor/ir_sensor/jsa1221.c.o
LOAD objs/apps/common/device/sensor/ntc/ntc_det.c.o
LOAD objs/apps/common/device/storage_device/norflash/norflash.c.o
LOAD objs/apps/common/device/storage_device/norflash/norflash_sfc.c.o
LOAD objs/apps/common/device/usb/demo/host/udisk_block_test.c.o
LOAD objs/apps/common/device/usb/device/cdc.c.o
LOAD objs/apps/common/device/usb/device/custom_hid.c.o
LOAD objs/apps/common/device/usb/device/descriptor.c.o
LOAD objs/apps/common/device/usb/device/hid.c.o
LOAD objs/apps/common/device/usb/device/midi.c.o
LOAD objs/apps/common/device/usb/device/msd.c.o
LOAD objs/apps/common/device/usb/device/msd_upgrade.c.o
LOAD objs/apps/common/device/usb/device/mtp.c.o
LOAD objs/apps/common/device/usb/device/printer.c.o
LOAD objs/apps/common/device/usb/device/rcsp_hid_inter.c.o
LOAD objs/apps/common/device/usb/device/task_pc.c.o
LOAD objs/apps/common/device/usb/device/uac1.c.o
LOAD objs/apps/common/device/usb/device/uac2.c.o
LOAD objs/apps/common/device/usb/device/uac_stream.c.o
LOAD objs/apps/common/device/usb/device/usb_device.c.o
LOAD objs/apps/common/device/usb/device/usb_pll_trim.c.o
LOAD objs/apps/common/device/usb/device/user_setup.c.o
LOAD objs/apps/common/device/usb/host/adb.c.o
LOAD objs/apps/common/device/usb/host/aoa.c.o
LOAD objs/apps/common/device/usb/host/hid.c.o
LOAD objs/apps/common/device/usb/host/uac_host.c.o
LOAD objs/apps/common/device/usb/host/usb_bulk_transfer.c.o
LOAD objs/apps/common/device/usb/host/usb_ctrl_transfer.c.o
LOAD objs/apps/common/device/usb/host/usb_host.c.o
LOAD objs/apps/common/device/usb/host/usb_storage.c.o
LOAD objs/apps/common/device/usb/usb_config.c.o
LOAD objs/apps/common/device/usb/usb_epbuf_manager.c.o
LOAD objs/apps/common/device/usb/usb_host_config.c.o
LOAD objs/apps/common/device/usb/usb_task.c.o
LOAD objs/apps/common/fat_nor/cfg_private.c.o
LOAD objs/apps/common/fat_nor/virfat_flash.c.o
LOAD objs/apps/common/file_operate/file_manager.c.o
LOAD objs/apps/common/le_audio/big.c.o
LOAD objs/apps/common/le_audio/cig.c.o
LOAD objs/apps/common/le_audio/wireless_trans_manager.c.o
LOAD objs/apps/common/music/breakpoint.c.o
LOAD objs/apps/common/music/music_decrypt.c.o
LOAD objs/apps/common/music/music_id3.c.o
LOAD objs/apps/common/music/music_player.c.o
LOAD objs/apps/common/temp_trim/dtemp_pll_trim.c.o
LOAD objs/apps/common/third_party_profile/Tencent_LL/tencent_ll_demo/jieli_iot_functions/ble_iot_anc_manager.c.o
LOAD objs/apps/common/third_party_profile/Tencent_LL/tencent_ll_demo/jieli_iot_functions/ble_iot_msg_manager.c.o
LOAD objs/apps/common/third_party_profile/Tencent_LL/tencent_ll_demo/jieli_iot_functions/ble_iot_power_manager.c.o
LOAD objs/apps/common/third_party_profile/Tencent_LL/tencent_ll_demo/jieli_iot_functions/ble_iot_tws_manager.c.o
LOAD objs/apps/common/third_party_profile/Tencent_LL/tencent_ll_demo/jieli_iot_functions/ble_iot_utils.c.o
LOAD objs/apps/common/third_party_profile/Tencent_LL/tencent_ll_demo/ll_demo.c.o
LOAD objs/apps/common/third_party_profile/Tencent_LL/tencent_ll_demo/ll_sync_event_handler.c.o
LOAD objs/apps/common/third_party_profile/Tencent_LL/tencent_ll_demo/ll_task.c.o
LOAD objs/apps/common/third_party_profile/Tencent_LL/tencent_protocol/ble_qiot_import.c.o
LOAD objs/apps/common/third_party_profile/Tencent_LL/tencent_protocol/ble_qiot_llsync_data.c.o
LOAD objs/apps/common/third_party_profile/Tencent_LL/tencent_protocol/ble_qiot_llsync_device.c.o
LOAD objs/apps/common/third_party_profile/Tencent_LL/tencent_protocol/ble_qiot_llsync_event.c.o
LOAD objs/apps/common/third_party_profile/Tencent_LL/tencent_protocol/ble_qiot_llsync_ota.c.o
LOAD objs/apps/common/third_party_profile/Tencent_LL/tencent_protocol/ble_qiot_service.c.o
LOAD objs/apps/common/third_party_profile/Tencent_LL/tencent_protocol/ble_qiot_template.c.o
LOAD objs/apps/common/third_party_profile/Tencent_LL/tencent_protocol/ble_qiot_utils_base64.c.o
LOAD objs/apps/common/third_party_profile/Tencent_LL/tencent_protocol/ble_qiot_utils_crc.c.o
LOAD objs/apps/common/third_party_profile/Tencent_LL/tencent_protocol/ble_qiot_utils_hmac.c.o
LOAD objs/apps/common/third_party_profile/Tencent_LL/tencent_protocol/ble_qiot_utils_log.c.o
LOAD objs/apps/common/third_party_profile/Tencent_LL/tencent_protocol/ble_qiot_utils_md5.c.o
LOAD objs/apps/common/third_party_profile/Tencent_LL/tencent_protocol/ble_qiot_utils_sha1.c.o
LOAD objs/apps/common/third_party_profile/ancs_client_demo/le_ancs_client.c.o
LOAD objs/apps/common/third_party_profile/auracast_app/auracast_app_ble.c.o
LOAD objs/apps/common/third_party_profile/auracast_app/auracast_app_gatt_over_edr.c.o
LOAD objs/apps/common/third_party_profile/auracast_app/auracast_app_protocol.c.o
LOAD objs/apps/common/third_party_profile/auracast_app/auracast_app_sink_api.c.o
LOAD objs/apps/common/third_party_profile/auracast_app/auracast_app_source_api.c.o
LOAD objs/apps/common/third_party_profile/bt_fmy/ble_fmy.c.o
LOAD objs/apps/common/third_party_profile/bt_fmy/ble_fmy_fmna.c.o
LOAD objs/apps/common/third_party_profile/bt_fmy/ble_fmy_modet.c.o
LOAD objs/apps/common/third_party_profile/bt_fmy/ble_fmy_ota.c.o
LOAD objs/apps/common/third_party_profile/common/3th_profile_api.c.o
LOAD objs/apps/common/third_party_profile/common/custom_cfg.c.o
LOAD objs/apps/common/third_party_profile/common/mic_rec.c.o
LOAD objs/apps/common/third_party_profile/custom_protocol_demo/custom_protocol.c.o
LOAD objs/apps/common/third_party_profile/dma_protocol/dma_protocol.c.o
LOAD objs/apps/common/third_party_profile/dma_protocol/dma_use_lib/dma_le_port.c.o
LOAD objs/apps/common/third_party_profile/dma_protocol/dma_use_lib/dma_setting.c.o
LOAD objs/apps/common/third_party_profile/dma_protocol/dma_use_lib/dma_spp_port.c.o
LOAD objs/apps/common/third_party_profile/dma_protocol/dma_use_lib/platform_template.c.o
LOAD objs/apps/common/third_party_profile/gfps_protocol/gfps_protocol.c.o
LOAD objs/apps/common/third_party_profile/interface/app_protocol_api.c.o
LOAD objs/apps/common/third_party_profile/interface/app_protocol_common.c.o
LOAD objs/apps/common/third_party_profile/interface/app_protocol_dma.c.o
LOAD objs/apps/common/third_party_profile/interface/app_protocol_gma.c.o
LOAD objs/apps/common/third_party_profile/interface/app_protocol_mma.c.o
LOAD objs/apps/common/third_party_profile/interface/app_protocol_ota.c.o
LOAD objs/apps/common/third_party_profile/interface/app_protocol_tme.c.o
LOAD objs/apps/common/third_party_profile/jieli/online_db/online_db_deal.c.o
LOAD objs/apps/common/third_party_profile/jieli/online_db/spp_online_db.c.o
LOAD objs/apps/common/third_party_profile/jieli/rcsp/adv/ble_rcsp_adv.c.o
LOAD objs/apps/common/third_party_profile/jieli/rcsp/ble_rcsp_client.c.o
LOAD objs/apps/common/third_party_profile/jieli/rcsp/ble_rcsp_multi_common.c.o
LOAD objs/apps/common/third_party_profile/jieli/rcsp/ble_rcsp_server.c.o
LOAD objs/apps/common/third_party_profile/jieli/rcsp/client/rcsp_c_cmd_recieve.c.o
LOAD objs/apps/common/third_party_profile/jieli/rcsp/client/rcsp_c_cmd_recieve_no_response.c.o
LOAD objs/apps/common/third_party_profile/jieli/rcsp/client/rcsp_c_cmd_response.c.o
LOAD objs/apps/common/third_party_profile/jieli/rcsp/client/rcsp_m_update/rcsp_update_master.c.o
LOAD objs/apps/common/third_party_profile/jieli/rcsp/rcsp_functions/rcsp.c.o
LOAD objs/apps/common/third_party_profile/jieli/rcsp/rcsp_functions/rcsp_bt_manage.c.o
LOAD objs/apps/common/third_party_profile/jieli/rcsp/rcsp_functions/rcsp_config.c.o
LOAD objs/apps/common/third_party_profile/jieli/rcsp/rcsp_functions/rcsp_event.c.o
LOAD objs/apps/common/third_party_profile/jieli/rcsp/rcsp_functions/rcsp_manage.c.o
LOAD objs/apps/common/third_party_profile/jieli/rcsp/rcsp_functions/rcsp_task.c.o
LOAD objs/apps/common/third_party_profile/jieli/rcsp/rcsp_interface.c.o
LOAD objs/apps/common/third_party_profile/jieli/rcsp/rcsp_simplified/rcsp_interface_simplified.c.o
LOAD objs/apps/common/third_party_profile/jieli/rcsp/server/functions/browser/rcsp_browser.c.o
LOAD objs/apps/common/third_party_profile/jieli/rcsp/server/functions/device_info/device_status_cmd/rcsp_bt_func.c.o
LOAD objs/apps/common/third_party_profile/jieli/rcsp/server/functions/device_info/device_status_cmd/rcsp_fm_func.c.o
LOAD objs/apps/common/third_party_profile/jieli/rcsp/server/functions/device_info/device_status_cmd/rcsp_linein_func.c.o
LOAD objs/apps/common/third_party_profile/jieli/rcsp/server/functions/device_info/device_status_cmd/rcsp_music_func.c.o
LOAD objs/apps/common/third_party_profile/jieli/rcsp/server/functions/device_info/device_status_cmd/rcsp_pc_func.c.o
LOAD objs/apps/common/third_party_profile/jieli/rcsp/server/functions/device_info/device_status_cmd/rcsp_rtc_func.c.o
LOAD objs/apps/common/third_party_profile/jieli/rcsp/server/functions/device_info/device_status_cmd/rcsp_spdif_func.c.o
LOAD objs/apps/common/third_party_profile/jieli/rcsp/server/functions/device_info/rcsp_device_feature.c.o
LOAD objs/apps/common/third_party_profile/jieli/rcsp/server/functions/device_info/rcsp_device_status.c.o
LOAD objs/apps/common/third_party_profile/jieli/rcsp/server/functions/external_flash/rcsp_extra_flash_cmd.c.o
LOAD objs/apps/common/third_party_profile/jieli/rcsp/server/functions/external_flash/rcsp_extra_flash_opt.c.o
LOAD objs/apps/common/third_party_profile/jieli/rcsp/server/functions/file_transfer/dev_format.c.o
LOAD objs/apps/common/third_party_profile/jieli/rcsp/server/functions/file_transfer/file_bluk_trans_prepare.c.o
LOAD objs/apps/common/third_party_profile/jieli/rcsp/server/functions/file_transfer/file_delete.c.o
LOAD objs/apps/common/third_party_profile/jieli/rcsp/server/functions/file_transfer/file_simple_transfer.c.o
LOAD objs/apps/common/third_party_profile/jieli/rcsp/server/functions/file_transfer/file_trans_back.c.o
LOAD objs/apps/common/third_party_profile/jieli/rcsp/server/functions/file_transfer/file_transfer.c.o
LOAD objs/apps/common/third_party_profile/jieli/rcsp/server/functions/file_transfer/file_transfer_sync.c.o
LOAD objs/apps/common/third_party_profile/jieli/rcsp/server/functions/mass_data/mass_data.c.o
LOAD objs/apps/common/third_party_profile/jieli/rcsp/server/functions/pub_mutual_set_cmd/pub_mutual_set_cmd_opt.c.o
LOAD objs/apps/common/third_party_profile/jieli/rcsp/server/functions/rcsp_setting_opt/rcsp_adv_bluetooth.c.o
LOAD objs/apps/common/third_party_profile/jieli/rcsp/server/functions/rcsp_setting_opt/rcsp_setting_opt.c.o
LOAD objs/apps/common/third_party_profile/jieli/rcsp/server/functions/rcsp_setting_opt/rcsp_setting_sync.c.o
LOAD objs/apps/common/third_party_profile/jieli/rcsp/server/functions/rcsp_setting_opt/settings/adv_1t2_setting.c.o
LOAD objs/apps/common/third_party_profile/jieli/rcsp/server/functions/rcsp_setting_opt/settings/adv_adaptive_noise_reduction.c.o
LOAD objs/apps/common/third_party_profile/jieli/rcsp/server/functions/rcsp_setting_opt/settings/adv_ai_no_pick.c.o
LOAD objs/apps/common/third_party_profile/jieli/rcsp/server/functions/rcsp_setting_opt/settings/adv_anc_voice.c.o
LOAD objs/apps/common/third_party_profile/jieli/rcsp/server/functions/rcsp_setting_opt/settings/adv_anc_voice_key.c.o
LOAD objs/apps/common/third_party_profile/jieli/rcsp/server/functions/rcsp_setting_opt/settings/adv_bt_name_setting.c.o
LOAD objs/apps/common/third_party_profile/jieli/rcsp/server/functions/rcsp_setting_opt/settings/adv_hearing_aid_setting.c.o
LOAD objs/apps/common/third_party_profile/jieli/rcsp/server/functions/rcsp_setting_opt/settings/adv_key_setting.c.o
LOAD objs/apps/common/third_party_profile/jieli/rcsp/server/functions/rcsp_setting_opt/settings/adv_led_setting.c.o
LOAD objs/apps/common/third_party_profile/jieli/rcsp/server/functions/rcsp_setting_opt/settings/adv_mic_setting.c.o
LOAD objs/apps/common/third_party_profile/jieli/rcsp/server/functions/rcsp_setting_opt/settings/adv_scene_noise_reduction.c.o
LOAD objs/apps/common/third_party_profile/jieli/rcsp/server/functions/rcsp_setting_opt/settings/adv_time_stamp_setting.c.o
LOAD objs/apps/common/third_party_profile/jieli/rcsp/server/functions/rcsp_setting_opt/settings/adv_voice_enhancement_mode.c.o
LOAD objs/apps/common/third_party_profile/jieli/rcsp/server/functions/rcsp_setting_opt/settings/adv_wind_noise_detection.c.o
LOAD objs/apps/common/third_party_profile/jieli/rcsp/server/functions/rcsp_setting_opt/settings/adv_work_setting.c.o
LOAD objs/apps/common/third_party_profile/jieli/rcsp/server/functions/rcsp_setting_opt/settings/rcsp_color_led_setting.c.o
LOAD objs/apps/common/third_party_profile/jieli/rcsp/server/functions/rcsp_setting_opt/settings/rcsp_eq_setting.c.o
LOAD objs/apps/common/third_party_profile/jieli/rcsp/server/functions/rcsp_setting_opt/settings/rcsp_high_low_vol_setting.c.o
LOAD objs/apps/common/third_party_profile/jieli/rcsp/server/functions/rcsp_setting_opt/settings/rcsp_karaoke_eq_setting.c.o
LOAD objs/apps/common/third_party_profile/jieli/rcsp/server/functions/rcsp_setting_opt/settings/rcsp_karaoke_setting.c.o
LOAD objs/apps/common/third_party_profile/jieli/rcsp/server/functions/rcsp_setting_opt/settings/rcsp_misc_drc_setting.c.o
LOAD objs/apps/common/third_party_profile/jieli/rcsp/server/functions/rcsp_setting_opt/settings/rcsp_misc_reverbration_setting.c.o
LOAD objs/apps/common/third_party_profile/jieli/rcsp/server/functions/rcsp_setting_opt/settings/rcsp_misc_setting.c.o
LOAD objs/apps/common/third_party_profile/jieli/rcsp/server/functions/rcsp_setting_opt/settings/rcsp_music_info_setting.c.o
LOAD objs/apps/common/third_party_profile/jieli/rcsp/server/functions/rcsp_setting_opt/settings/rcsp_vol_setting.c.o
LOAD objs/apps/common/third_party_profile/jieli/rcsp/server/functions/rcsp_switch_device.c.o
LOAD objs/apps/common/third_party_profile/jieli/rcsp/server/functions/rcsp_update/rcsp_ch_loader_download.c.o
LOAD objs/apps/common/third_party_profile/jieli/rcsp/server/functions/rcsp_update/rcsp_update.c.o
LOAD objs/apps/common/third_party_profile/jieli/rcsp/server/functions/rcsp_update/rcsp_update_tws.c.o
LOAD objs/apps/common/third_party_profile/jieli/rcsp/server/functions/sensors/nfc_data_opt.c.o
LOAD objs/apps/common/third_party_profile/jieli/rcsp/server/functions/sensors/sensor_log_notify.c.o
LOAD objs/apps/common/third_party_profile/jieli/rcsp/server/functions/sensors/sensors_data_opt.c.o
LOAD objs/apps/common/third_party_profile/jieli/rcsp/server/functions/sensors/sport_data_func.c.o
LOAD objs/apps/common/third_party_profile/jieli/rcsp/server/functions/sensors/sport_data_info_opt/sport_info_bt_disconn.c.o
LOAD objs/apps/common/third_party_profile/jieli/rcsp/server/functions/sensors/sport_data_info_opt/sport_info_continuous_heart_rate.c.o
LOAD objs/apps/common/third_party_profile/jieli/rcsp/server/functions/sensors/sport_data_info_opt/sport_info_exercise_heart_rate.c.o
LOAD objs/apps/common/third_party_profile/jieli/rcsp/server/functions/sensors/sport_data_info_opt/sport_info_fall_detection.c.o
LOAD objs/apps/common/third_party_profile/jieli/rcsp/server/functions/sensors/sport_data_info_opt/sport_info_personal_info.c.o
LOAD objs/apps/common/third_party_profile/jieli/rcsp/server/functions/sensors/sport_data_info_opt/sport_info_pressure_detection.c.o
LOAD objs/apps/common/third_party_profile/jieli/rcsp/server/functions/sensors/sport_data_info_opt/sport_info_raise_wrist.c.o
LOAD objs/apps/common/third_party_profile/jieli/rcsp/server/functions/sensors/sport_data_info_opt/sport_info_sedentary.c.o
LOAD objs/apps/common/third_party_profile/jieli/rcsp/server/functions/sensors/sport_data_info_opt/sport_info_sensor_opt.c.o
LOAD objs/apps/common/third_party_profile/jieli/rcsp/server/functions/sensors/sport_data_info_opt/sport_info_sleep_detection.c.o
LOAD objs/apps/common/third_party_profile/jieli/rcsp/server/functions/sensors/sport_data_opt/sport_data_air_pressure.c.o
LOAD objs/apps/common/third_party_profile/jieli/rcsp/server/functions/sensors/sport_data_opt/sport_data_altitude.c.o
LOAD objs/apps/common/third_party_profile/jieli/rcsp/server/functions/sensors/sport_data_opt/sport_data_blood_oxygen.c.o
LOAD objs/apps/common/third_party_profile/jieli/rcsp/server/functions/sensors/sport_data_opt/sport_data_exercise_recovery_time.c.o
LOAD objs/apps/common/third_party_profile/jieli/rcsp/server/functions/sensors/sport_data_opt/sport_data_exercise_steps.c.o
LOAD objs/apps/common/third_party_profile/jieli/rcsp/server/functions/sensors/sport_data_opt/sport_data_heart_rate.c.o
LOAD objs/apps/common/third_party_profile/jieli/rcsp/server/functions/sensors/sport_data_opt/sport_data_max_oxygen_uptake.c.o
LOAD objs/apps/common/third_party_profile/jieli/rcsp/server/functions/sensors/sport_data_opt/sport_data_pressure_detection.c.o
LOAD objs/apps/common/third_party_profile/jieli/rcsp/server/functions/sensors/sport_data_opt/sport_data_sports_information.c.o
LOAD objs/apps/common/third_party_profile/jieli/rcsp/server/functions/sensors/sport_data_opt/sport_data_training_load.c.o
LOAD objs/apps/common/third_party_profile/jieli/rcsp/server/functions/sensors/sport_info_opt.c.o
LOAD objs/apps/common/third_party_profile/jieli/rcsp/server/functions/sensors/sport_info_sync.c.o
LOAD objs/apps/common/third_party_profile/jieli/rcsp/server/functions/sensors/sport_info_vm.c.o
LOAD objs/apps/common/third_party_profile/jieli/rcsp/server/functions/translator/rcsp_translator.c.o
LOAD objs/apps/common/third_party_profile/jieli/rcsp/server/rcsp_cmd_recieve.c.o
LOAD objs/apps/common/third_party_profile/jieli/rcsp/server/rcsp_cmd_recieve_no_respone.c.o
LOAD objs/apps/common/third_party_profile/jieli/rcsp/server/rcsp_cmd_respone.c.o
LOAD objs/apps/common/third_party_profile/jieli/rcsp/server/rcsp_cmd_user.c.o
LOAD objs/apps/common/third_party_profile/jieli/rcsp/server/rcsp_command.c.o
LOAD objs/apps/common/third_party_profile/jieli/rcsp/server/rcsp_data_recieve.c.o
LOAD objs/apps/common/third_party_profile/jieli/rcsp/server/rcsp_data_recieve_no_respone.c.o
LOAD objs/apps/common/third_party_profile/jieli/rcsp/server/rcsp_data_respone.c.o
LOAD objs/apps/common/third_party_profile/jieli/trans_data_demo/le_trans_data.c.o
LOAD objs/apps/common/third_party_profile/jieli/trans_data_demo/spp_trans_data.c.o
LOAD objs/apps/common/third_party_profile/mma_protocol/mma_config.c.o
LOAD objs/apps/common/third_party_profile/mma_protocol/mma_platform_api.c.o
LOAD objs/apps/common/third_party_profile/mma_protocol/mma_protocol.c.o
LOAD objs/apps/common/third_party_profile/multi_protocol_common.c.o
LOAD objs/apps/common/third_party_profile/multi_protocol_event.c.o
LOAD objs/apps/common/third_party_profile/multi_protocol_main.c.o
LOAD objs/apps/common/third_party_profile/realme_protocol/realme_config.c.o
LOAD objs/apps/common/third_party_profile/realme_protocol/realme_platform_api.c.o
LOAD objs/apps/common/third_party_profile/realme_protocol/realme_protocol.c.o
LOAD objs/apps/common/third_party_profile/swift_pair/swift_pair_protocol.c.o
LOAD objs/apps/common/third_party_profile/tuya_protocol/app/demo/tuya_app_func.c.o
LOAD objs/apps/common/third_party_profile/tuya_protocol/app/demo/tuya_ble_app_demo.c.o
LOAD objs/apps/common/third_party_profile/tuya_protocol/app/demo/tuya_ota.c.o
LOAD objs/apps/common/third_party_profile/tuya_protocol/app/product_test/tuya_ble_app_production_test.c.o
LOAD objs/apps/common/third_party_profile/tuya_protocol/app/uart_common/tuya_ble_app_uart_common_handler.c.o
LOAD objs/apps/common/third_party_profile/tuya_protocol/extern_components/mbedtls/aes.c.o
LOAD objs/apps/common/third_party_profile/tuya_protocol/extern_components/mbedtls/ccm.c.o
LOAD objs/apps/common/third_party_profile/tuya_protocol/extern_components/mbedtls/hmac.c.o
LOAD objs/apps/common/third_party_profile/tuya_protocol/extern_components/mbedtls/md5.c.o
LOAD objs/apps/common/third_party_profile/tuya_protocol/extern_components/mbedtls/sha1.c.o
LOAD objs/apps/common/third_party_profile/tuya_protocol/extern_components/mbedtls/sha256.c.o
LOAD objs/apps/common/third_party_profile/tuya_protocol/port/tuya_ble_port.c.o
LOAD objs/apps/common/third_party_profile/tuya_protocol/port/tuya_ble_port_JL.c.o
LOAD objs/apps/common/third_party_profile/tuya_protocol/port/tuya_ble_port_peripheral.c.o
LOAD objs/apps/common/third_party_profile/tuya_protocol/sdk/src/tuya_ble_api.c.o
LOAD objs/apps/common/third_party_profile/tuya_protocol/sdk/src/tuya_ble_bulk_data.c.o
LOAD objs/apps/common/third_party_profile/tuya_protocol/sdk/src/tuya_ble_data_handler.c.o
LOAD objs/apps/common/third_party_profile/tuya_protocol/sdk/src/tuya_ble_event.c.o
LOAD objs/apps/common/third_party_profile/tuya_protocol/sdk/src/tuya_ble_event_handler.c.o
LOAD objs/apps/common/third_party_profile/tuya_protocol/sdk/src/tuya_ble_event_handler_weak.c.o
LOAD objs/apps/common/third_party_profile/tuya_protocol/sdk/src/tuya_ble_feature_weather.c.o
LOAD objs/apps/common/third_party_profile/tuya_protocol/sdk/src/tuya_ble_gatt_send_queue.c.o
LOAD objs/apps/common/third_party_profile/tuya_protocol/sdk/src/tuya_ble_heap.c.o
LOAD objs/apps/common/third_party_profile/tuya_protocol/sdk/src/tuya_ble_main.c.o
LOAD objs/apps/common/third_party_profile/tuya_protocol/sdk/src/tuya_ble_mem.c.o
LOAD objs/apps/common/third_party_profile/tuya_protocol/sdk/src/tuya_ble_mutli_tsf_protocol.c.o
LOAD objs/apps/common/third_party_profile/tuya_protocol/sdk/src/tuya_ble_queue.c.o
LOAD objs/apps/common/third_party_profile/tuya_protocol/sdk/src/tuya_ble_storage.c.o
LOAD objs/apps/common/third_party_profile/tuya_protocol/sdk/src/tuya_ble_unix_time.c.o
LOAD objs/apps/common/third_party_profile/tuya_protocol/sdk/src/tuya_ble_utils.c.o
LOAD objs/apps/common/third_party_profile/tuya_protocol/tuya_event.c.o
LOAD objs/apps/common/third_party_profile/tuya_protocol/tuya_protocol.c.o
LOAD objs/apps/common/third_party_profile/ximalaya_protocol/xmly_ble.c.o
LOAD objs/apps/common/third_party_profile/ximalaya_protocol/xmly_config.c.o
LOAD objs/apps/common/third_party_profile/ximalaya_protocol/xmly_platform_api.c.o
LOAD objs/apps/common/third_party_profile/ximalaya_protocol/xmly_protocol.c.o
LOAD objs/apps/common/ui/pwm_led/led_ui_api.c.o
LOAD objs/apps/common/ui/pwm_led/led_ui_tws_sync.c.o
LOAD objs/apps/common/update/testbox_uart_update.c.o
LOAD objs/apps/common/update/testbox_update.c.o
LOAD objs/apps/common/update/update.c.o
LOAD objs/apps/common/update/update_tws.c.o
LOAD objs/apps/common/update/update_tws_new.c.o
LOAD objs/apps/earphone/app_main.c.o
LOAD objs/apps/earphone/audio/jlstream_event_handler.c.o
LOAD objs/apps/earphone/audio/scene_switch.c.o
LOAD objs/apps/earphone/audio/tone_table.c.o
LOAD objs/apps/earphone/audio/vol_sync.c.o
LOAD objs/apps/earphone/battery/battery_level.c.o
LOAD objs/apps/earphone/battery/charge.c.o
LOAD objs/apps/earphone/battery/charge_clibration.c.o
LOAD objs/apps/earphone/battery/charge_device_handle.c.o
LOAD objs/apps/earphone/battery/charge_store.c.o
LOAD objs/apps/earphone/ble/ble_adv.c.o
LOAD objs/apps/earphone/ble/bt_ble.c.o
LOAD objs/apps/earphone/board/br28/board_config.c.o
LOAD objs/apps/earphone/board/instruction_forbidden.c.o
LOAD objs/apps/earphone/board/sdk_board_config.c.o
LOAD objs/apps/earphone/demo/att_over_edr_demo.c.o
LOAD objs/apps/earphone/demo/debug_record_demo.c.o
LOAD objs/apps/earphone/demo/pbg_demo.c.o
LOAD objs/apps/earphone/demo/read_sn_demo.c.o
LOAD objs/apps/earphone/demo/trans_data_demo.c.o
LOAD objs/apps/earphone/device_config.c.o
LOAD objs/apps/earphone/log_config/app_config.c.o
LOAD objs/apps/earphone/log_config/lib_btctrler_config.c.o
LOAD objs/apps/earphone/log_config/lib_btstack_config.c.o
LOAD objs/apps/earphone/log_config/lib_driver_config.c.o
LOAD objs/apps/earphone/log_config/lib_media_config.c.o
LOAD objs/apps/earphone/log_config/lib_net_config.c.o
LOAD objs/apps/earphone/log_config/lib_system_config.c.o
LOAD objs/apps/earphone/log_config/lib_update_config.c.o
LOAD objs/apps/earphone/message/adapter/app_msg.c.o
LOAD objs/apps/earphone/message/adapter/audio_player.c.o
LOAD objs/apps/earphone/message/adapter/battery.c.o
LOAD objs/apps/earphone/message/adapter/btstack.c.o
LOAD objs/apps/earphone/message/adapter/driver.c.o
LOAD objs/apps/earphone/message/adapter/eartouch.c.o
LOAD objs/apps/earphone/message/adapter/key.c.o
LOAD objs/apps/earphone/message/adapter/tws.c.o
LOAD objs/apps/earphone/mode/bt/a2dp_play.c.o
LOAD objs/apps/earphone/mode/bt/bt_background.c.o
LOAD objs/apps/earphone/mode/bt/bt_call_kws_handler.c.o
LOAD objs/apps/earphone/mode/bt/bt_event_func.c.o
LOAD objs/apps/earphone/mode/bt/bt_key_func.c.o
LOAD objs/apps/earphone/mode/bt/bt_key_msg_table.c.o
LOAD objs/apps/earphone/mode/bt/bt_net_event.c.o
LOAD objs/apps/earphone/mode/bt/bt_slience_detect.c.o
LOAD objs/apps/earphone/mode/bt/bt_tws.c.o
LOAD objs/apps/earphone/mode/bt/dual_a2dp_play.c.o
LOAD objs/apps/earphone/mode/bt/dual_conn.c.o
LOAD objs/apps/earphone/mode/bt/dual_phone_call.c.o
LOAD objs/apps/earphone/mode/bt/earphone.c.o
LOAD objs/apps/earphone/mode/bt/eartch_event_deal.c.o
LOAD objs/apps/earphone/mode/bt/kws_voice_event_deal.c.o
LOAD objs/apps/earphone/mode/bt/le_audio/big/app_le_auracast.c.o
LOAD objs/apps/earphone/mode/bt/le_audio/big/le_broadcast.c.o
LOAD objs/apps/earphone/mode/bt/le_audio/big/le_broadcast_config.c.o
LOAD objs/apps/earphone/mode/bt/le_audio/cig/app_le_connected.c.o
LOAD objs/apps/earphone/mode/bt/le_audio/cig/le_connected.c.o
LOAD objs/apps/earphone/mode/bt/le_audio/cig/le_connected_config.c.o
LOAD objs/apps/earphone/mode/bt/le_audio/le_audio_common.c.o
LOAD objs/apps/earphone/mode/bt/low_latency.c.o
LOAD objs/apps/earphone/mode/bt/phone_call.c.o
LOAD objs/apps/earphone/mode/bt/poweroff.c.o
LOAD objs/apps/earphone/mode/bt/sniff.c.o
LOAD objs/apps/earphone/mode/bt/tone.c.o
LOAD objs/apps/earphone/mode/bt/tws_dual_conn.c.o
LOAD objs/apps/earphone/mode/bt/tws_dual_share.c.o
LOAD objs/apps/earphone/mode/bt/tws_phone_call.c.o
LOAD objs/apps/earphone/mode/bt/tws_poweroff.c.o
LOAD objs/apps/earphone/mode/common/app_default_msg_handler.c.o
LOAD objs/apps/earphone/mode/common/dev_status.c.o
LOAD objs/apps/earphone/mode/idle/idle.c.o
LOAD objs/apps/earphone/mode/idle/idle_key_msg_table.c.o
LOAD objs/apps/earphone/mode/key_tone.c.o
LOAD objs/apps/earphone/mode/linein/linein.c.o
LOAD objs/apps/earphone/mode/linein/linein_dev.c.o
LOAD objs/apps/earphone/mode/linein/linein_key_msg_table.c.o
LOAD objs/apps/earphone/mode/mic_effect/mic_effect.c.o
LOAD objs/apps/earphone/mode/music/music.c.o
LOAD objs/apps/earphone/mode/music/music_app_msg_handler.c.o
LOAD objs/apps/earphone/mode/music/music_key_msg_table.c.o
LOAD objs/apps/earphone/mode/pc/pc.c.o
LOAD objs/apps/earphone/mode/pc/pc_key_msg_table.c.o
LOAD objs/apps/earphone/mode/power_on/power_on.c.o
LOAD objs/apps/earphone/test/rssi.c.o
LOAD objs/apps/earphone/test/tws_role_switch.c.o
LOAD objs/apps/earphone/third_part/app_protocol_deal.c.o
LOAD objs/apps/earphone/tools/app_ancbox.c.o
LOAD objs/apps/earphone/tools/app_anctool.c.o
LOAD objs/apps/earphone/tools/app_key_dut.c.o
LOAD objs/apps/earphone/tools/app_testbox.c.o
LOAD objs/apps/earphone/ui/led/led_config.c.o
LOAD objs/apps/earphone/ui/led/led_ui_msg_handler.c.o
LOAD objs/apps/earphone/user_cfg.c.o
LOAD objs/audio/CVP/audio_aec.c.o
LOAD objs/audio/CVP/audio_cvp.c.o
LOAD objs/audio/CVP/audio_cvp_3mic.c.o
LOAD objs/audio/CVP/audio_cvp_ais_3mic.c.o
LOAD objs/audio/CVP/audio_cvp_config.c.o
LOAD objs/audio/CVP/audio_cvp_demo.c.o
LOAD objs/audio/CVP/audio_cvp_develop.c.o
LOAD objs/audio/CVP/audio_cvp_dms.c.o
LOAD objs/audio/CVP/audio_cvp_online.c.o
LOAD objs/audio/CVP/audio_cvp_ref_task.c.o
LOAD objs/audio/CVP/audio_cvp_sync.c.o
LOAD objs/audio/anc/audio_anc_common.c.o
LOAD objs/audio/anc/audio_anc_common_plug.c.o
LOAD objs/audio/anc/audio_anc_debug_tool.c.o
LOAD objs/audio/anc/audio_anc_fade_ctr.c.o
LOAD objs/audio/anc/audio_anc_mult_scene.c.o
LOAD objs/audio/common/amplitude_statistic.c.o
LOAD objs/audio/common/audio_build_needed.c.o
LOAD objs/audio/common/audio_dvol.c.o
LOAD objs/audio/common/audio_effect_verify.c.o
LOAD objs/audio/common/audio_event_handler.c.o
LOAD objs/audio/common/audio_export_demo.c.o
LOAD objs/audio/common/audio_general.c.o
LOAD objs/audio/common/audio_iis_lrclk_capture.c.o
LOAD objs/audio/common/audio_node_config.c.o
LOAD objs/audio/common/audio_noise_gate.c.o
LOAD objs/audio/common/audio_ns.c.o
LOAD objs/audio/common/audio_plc.c.o
LOAD objs/audio/common/audio_utils.c.o
LOAD objs/audio/common/audio_volume_mixer.c.o
LOAD objs/audio/common/bt_audio_energy_detection.c.o
LOAD objs/audio/common/debug/audio_debug.c.o
LOAD objs/audio/common/demo/audio_alink_demo.c.o
LOAD objs/audio/common/demo/audio_eq_demo.c.o
LOAD objs/audio/common/demo/codec_demo/audio_enc_file_demo.c.o
LOAD objs/audio/common/demo/codec_demo/audio_file_dec_demo.c.o
LOAD objs/audio/common/demo/codec_demo/audio_frame_codec_demo.c.o
LOAD objs/audio/common/demo/codec_demo/audio_msbc_hw_codec_demo.c.o
LOAD objs/audio/common/demo/codec_demo/audio_msbc_sw_codec_demo.c.o
LOAD objs/audio/common/demo/codec_demo/audio_opus_codec_demo.c.o
LOAD objs/audio/common/demo/codec_demo/audio_sbc_codec_demo.c.o
LOAD objs/audio/common/demo/codec_demo/audio_speex_codec_demo.c.o
LOAD objs/audio/common/demo/hw_math_v2_demo.c.o
LOAD objs/audio/common/frame_length_adaptive.c.o
LOAD objs/audio/common/icsd/adjdcc/icsd_adjdcc_config.c.o
LOAD objs/audio/common/icsd/adt/icsd_adt.c.o
LOAD objs/audio/common/icsd/adt/icsd_adt_alg.c.o
LOAD objs/audio/common/icsd/adt/icsd_adt_app.c.o
LOAD objs/audio/common/icsd/adt/icsd_adt_config.c.o
LOAD objs/audio/common/icsd/adt/icsd_adt_demo.c.o
LOAD objs/audio/common/icsd/aeq/icsd_aeq.c.o
LOAD objs/audio/common/icsd/aeq/icsd_aeq_app.c.o
LOAD objs/audio/common/icsd/aeq/icsd_aeq_config.c.o
LOAD objs/audio/common/icsd/afq/icsd_afq.c.o
LOAD objs/audio/common/icsd/afq/icsd_afq_app.c.o
LOAD objs/audio/common/icsd/afq/icsd_afq_config.c.o
LOAD objs/audio/common/icsd/anc/icsd_anc_app.c.o
LOAD objs/audio/common/icsd/anc/icsd_anc_board.c.o
LOAD objs/audio/common/icsd/anc/icsd_anc_data.c.o
LOAD objs/audio/common/icsd/anc/icsd_anc_interactive.c.o
LOAD objs/audio/common/icsd/anc_v2/icsd_anc_v2.c.o
LOAD objs/audio/common/icsd/anc_v2/icsd_anc_v2_app.c.o
LOAD objs/audio/common/icsd/anc_v2/icsd_anc_v2_interactive.c.o
LOAD objs/audio/common/icsd/avc/icsd_avc_app.c.o
LOAD objs/audio/common/icsd/avc/icsd_avc_config.c.o
LOAD objs/audio/common/icsd/cmp/icsd_cmp_app.c.o
LOAD objs/audio/common/icsd/common/icsd_common.c.o
LOAD objs/audio/common/icsd/common_v2/icsd_common_v2.c.o
LOAD objs/audio/common/icsd/common_v2/icsd_common_v2_app.c.o
LOAD objs/audio/common/icsd/config/icsd_anc_v2_config.c.o
LOAD objs/audio/common/icsd/config/icsd_cmp_config.c.o
LOAD objs/audio/common/icsd/demo/icsd_demo.c.o
LOAD objs/audio/common/icsd/dot/icsd_dot.c.o
LOAD objs/audio/common/icsd/dot/icsd_dot_app.c.o
LOAD objs/audio/common/icsd/ein/icsd_ein_config.c.o
LOAD objs/audio/common/icsd/env_noise_det/icsd_env_noise_det_app.c.o
LOAD objs/audio/common/icsd/howl/icsd_howl_app.c.o
LOAD objs/audio/common/icsd/howl/icsd_howl_config.c.o
LOAD objs/audio/common/icsd/rt_anc/rt_anc.c.o
LOAD objs/audio/common/icsd/rt_anc/rt_anc_app.c.o
LOAD objs/audio/common/icsd/rt_anc/rt_anc_config.c.o
LOAD objs/audio/common/icsd/tool/anc_ext_tool.c.o
LOAD objs/audio/common/icsd/tool/anc_ext_tool_file.c.o
LOAD objs/audio/common/icsd/vdt/icsd_vdt_app.c.o
LOAD objs/audio/common/icsd/vdt/icsd_vdt_config.c.o
LOAD objs/audio/common/icsd/wat/icsd_wat_app.c.o
LOAD objs/audio/common/icsd/wat/icsd_wat_config.c.o
LOAD objs/audio/common/icsd/wind/cvp_wind_app.c.o
LOAD objs/audio/common/icsd/wind/icsd_wind_app.c.o
LOAD objs/audio/common/icsd/wind/icsd_wind_config.c.o
LOAD objs/audio/common/online_debug/aud_data_export.c.o
LOAD objs/audio/common/online_debug/aud_mic_dut.c.o
LOAD objs/audio/common/online_debug/aud_spatial_effect_dut.c.o
LOAD objs/audio/common/online_debug/audio_capture.c.o
LOAD objs/audio/common/online_debug/audio_online_debug.c.o
LOAD objs/audio/common/pcm_data/sine_pcm.c.o
LOAD objs/audio/common/power/mic_power_manager.c.o
LOAD objs/audio/common/uartPcmSender.c.o
LOAD objs/audio/common/wm8978/iic.c.o
LOAD objs/audio/common/wm8978/wm8978.c.o
LOAD objs/audio/cpu/br28/audio_accelerator/hw_fft.c.o
LOAD objs/audio/cpu/br28/audio_anc.c.o
LOAD objs/audio/cpu/br28/audio_config.c.o
LOAD objs/audio/cpu/br28/audio_dai/audio_pdm.c.o
LOAD objs/audio/cpu/br28/audio_demo/audio_adc_demo.c.o
LOAD objs/audio/cpu/br28/audio_demo/audio_dac_demo.c.o
LOAD objs/audio/cpu/br28/audio_demo/audio_fft_demo.c.o
LOAD objs/audio/cpu/br28/audio_demo/audio_pdm_demo.c.o
LOAD objs/audio/cpu/br28/audio_mic_capless.c.o
LOAD objs/audio/cpu/br28/audio_setup.c.o
LOAD objs/audio/cpu/br28/audio_vad/vad_clock_trim.c.o
LOAD objs/audio/cpu/br28/audio_vad/vad_mic.c.o
LOAD objs/audio/cpu/br28/icsd_anc_user.c.o
LOAD objs/audio/cpu/common.c.o
LOAD objs/audio/effect/audio_dc_offset_remove.c.o
LOAD objs/audio/effect/audio_pitch_speed_api.c.o
LOAD objs/audio/effect/audio_voice_changer_api.c.o
LOAD objs/audio/effect/bass_treble.c.o
LOAD objs/audio/effect/demo/autotune_demo.c.o
LOAD objs/audio/effect/demo/bass_treble_demo.c.o
LOAD objs/audio/effect/demo/chorus_demo.c.o
LOAD objs/audio/effect/demo/crossover_demo.c.o
LOAD objs/audio/effect/demo/drc_advance_demo.c.o
LOAD objs/audio/effect/demo/drc_demo.c.o
LOAD objs/audio/effect/demo/dynamic_eq_demo.c.o
LOAD objs/audio/effect/demo/echo_demo.c.o
LOAD objs/audio/effect/demo/energy_detect_demo.c.o
LOAD objs/audio/effect/demo/eq_demo.c.o
LOAD objs/audio/effect/demo/frequency_shift_howling_demo.c.o
LOAD objs/audio/effect/demo/gain_demo.c.o
LOAD objs/audio/effect/demo/harmonic_exciter_demo.c.o
LOAD objs/audio/effect/demo/lhdc_x_demo.c.o
LOAD objs/audio/effect/demo/multiband_drc_demo.c.o
LOAD objs/audio/effect/demo/noisegate_demo.c.o
LOAD objs/audio/effect/demo/notch_howling_demo.c.o
LOAD objs/audio/effect/demo/pitch_speed_demo.c.o
LOAD objs/audio/effect/demo/reverb_advance_demo.c.o
LOAD objs/audio/effect/demo/reverb_demo.c.o
LOAD objs/audio/effect/demo/spectrum_demo.c.o
LOAD objs/audio/effect/demo/stereo_widener_demo.c.o
LOAD objs/audio/effect/demo/surround_demo.c.o
LOAD objs/audio/effect/demo/virtual_bass_demo.c.o
LOAD objs/audio/effect/demo/voice_changer_demo.c.o
LOAD objs/audio/effect/effects_adj.c.o
LOAD objs/audio/effect/effects_default_param.c.o
LOAD objs/audio/effect/effects_dev.c.o
LOAD objs/audio/effect/eq_config.c.o
LOAD objs/audio/effect/esco_ul_voice_changer.c.o
LOAD objs/audio/effect/node_param_update.c.o
LOAD objs/audio/effect/scene_update.c.o
LOAD objs/audio/effect/somatosensory/audio_somatosensory.c.o
LOAD objs/audio/effect/spatial_effect/spatial_effect.c.o
LOAD objs/audio/effect/spatial_effect/spatial_effect_imu.c.o
LOAD objs/audio/effect/spatial_effect/spatial_effect_tws.c.o
LOAD objs/audio/effect/spatial_effect/spatial_effects_process.c.o
LOAD objs/audio/effect/spatial_effect/spatial_imu_trim.c.o
LOAD objs/audio/effect/spk_eq.c.o
LOAD objs/audio/framework/nodes/agc_node.c.o
LOAD objs/audio/framework/nodes/ai_tx_node.c.o
LOAD objs/audio/framework/nodes/channle_swap_node.c.o
LOAD objs/audio/framework/nodes/cvp_3mic_node.c.o
LOAD objs/audio/framework/nodes/cvp_develop_node.c.o
LOAD objs/audio/framework/nodes/cvp_dms_node.c.o
LOAD objs/audio/framework/nodes/cvp_sms_node.c.o
LOAD objs/audio/framework/nodes/data_export_node.c.o
LOAD objs/audio/framework/nodes/dns_node.c.o
LOAD objs/audio/framework/nodes/effect_dev0_node.c.o
LOAD objs/audio/framework/nodes/effect_dev1_node.c.o
LOAD objs/audio/framework/nodes/effect_dev2_node.c.o
LOAD objs/audio/framework/nodes/effect_dev3_node.c.o
LOAD objs/audio/framework/nodes/effect_dev4_node.c.o
LOAD objs/audio/framework/nodes/esco_tx_node.c.o
LOAD objs/audio/framework/nodes/iis_node.c.o
LOAD objs/audio/framework/nodes/le_audio_source.c.o
LOAD objs/audio/framework/nodes/lhdc_x_node.c.o
LOAD objs/audio/framework/nodes/local_tws_source_node.c.o
LOAD objs/audio/framework/nodes/multi_ch_iis_node.c.o
LOAD objs/audio/framework/nodes/ns_node.c.o
LOAD objs/audio/framework/nodes/pc_mic_node.c.o
LOAD objs/audio/framework/nodes/plc_node.c.o
LOAD objs/audio/framework/nodes/sink_dev0_node.c.o
LOAD objs/audio/framework/nodes/sink_dev1_node.c.o
LOAD objs/audio/framework/nodes/sink_dev2_node.c.o
LOAD objs/audio/framework/nodes/sink_dev3_node.c.o
LOAD objs/audio/framework/nodes/sink_dev4_node.c.o
LOAD objs/audio/framework/nodes/spatial_effects_node.c.o
LOAD objs/audio/framework/nodes/surround_demo_node.c.o
LOAD objs/audio/framework/nodes/uart_node.c.o
LOAD objs/audio/framework/nodes/volume_node.c.o
LOAD objs/audio/framework/plugs/source/a2dp_file.c.o
LOAD objs/audio/framework/plugs/source/a2dp_streamctrl.c.o
LOAD objs/audio/framework/plugs/source/adc_file.c.o
LOAD objs/audio/framework/plugs/source/ai_rx_file.c.o
LOAD objs/audio/framework/plugs/source/esco_file.c.o
LOAD objs/audio/framework/plugs/source/iis_file.c.o
LOAD objs/audio/framework/plugs/source/le_audio_file.c.o
LOAD objs/audio/framework/plugs/source/linein_file.c.o
LOAD objs/audio/framework/plugs/source/local_tws_file.c.o
LOAD objs/audio/framework/plugs/source/multi_ch_adc_file.c.o
LOAD objs/audio/framework/plugs/source/multi_ch_iis_file.c.o
LOAD objs/audio/framework/plugs/source/pc_spk_file.c.o
LOAD objs/audio/framework/plugs/source/pdm_mic_file.c.o
LOAD objs/audio/framework/plugs/source/source_dev0_file.c.o
LOAD objs/audio/framework/plugs/source/source_dev1_file.c.o
LOAD objs/audio/framework/plugs/source/source_dev2_file.c.o
LOAD objs/audio/framework/plugs/source/source_dev3_file.c.o
LOAD objs/audio/framework/plugs/source/source_dev4_file.c.o
LOAD objs/audio/interface/player/a2dp_player.c.o
LOAD objs/audio/interface/player/adda_loop_player.c.o
LOAD objs/audio/interface/player/ai_rx_player.c.o
LOAD objs/audio/interface/player/dev_flow_player.c.o
LOAD objs/audio/interface/player/esco_player.c.o
LOAD objs/audio/interface/player/file_player.c.o
LOAD objs/audio/interface/player/key_tone_player.c.o
LOAD objs/audio/interface/player/le_audio_player.c.o
LOAD objs/audio/interface/player/linein_player.c.o
LOAD objs/audio/interface/player/local_tws_player.c.o
LOAD objs/audio/interface/player/pc_spk_player.c.o
LOAD objs/audio/interface/player/ring_player.c.o
LOAD objs/audio/interface/player/tone_player.c.o
LOAD objs/audio/interface/player/tws_tone_player.c.o
LOAD objs/audio/interface/recoder/ai_voice_recoder.c.o
LOAD objs/audio/interface/recoder/dev_flow_recoder.c.o
LOAD objs/audio/interface/recoder/esco_recoder.c.o
LOAD objs/audio/interface/recoder/file_recorder.c.o
LOAD objs/audio/interface/recoder/le_audio_recorder.c.o
LOAD objs/audio/interface/recoder/pc_mic_recoder.c.o
LOAD objs/audio/jl_kws/jl_kws_algo.c.o
LOAD objs/audio/jl_kws/jl_kws_audio.c.o
LOAD objs/audio/jl_kws/jl_kws_event.c.o
LOAD objs/audio/jl_kws/jl_kws_main.c.o
LOAD objs/audio/le_audio/le_audio_stream.c.o
LOAD objs/audio/smart_voice/jl_kws_platform.c.o
LOAD objs/audio/smart_voice/kws_event.c.o
LOAD objs/audio/smart_voice/nn_vad.c.o
LOAD objs/audio/smart_voice/nn_vad_bin.c.o
LOAD objs/audio/smart_voice/smart_voice_config.c.o
LOAD objs/audio/smart_voice/smart_voice_core.c.o
LOAD objs/audio/smart_voice/user_asr.c.o
LOAD objs/audio/smart_voice/voice_mic_data.c.o
LOAD objs/audio/test_tools/audio_dut_control.c.o
LOAD objs/audio/test_tools/audio_dut_control_old.c.o
LOAD objs/audio/test_tools/audio_enc_mpt_cvp_ctr.c.o
LOAD objs/audio/test_tools/audio_enc_mpt_self.c.o
LOAD objs/audio/test_tools/cvp_tool.c.o
LOAD objs/audio/test_tools/mic_dut_process.c.o
LOAD objs/cpu/br28/charge/charge.c.o
LOAD objs/cpu/br28/charge/charge_config.c.o
LOAD objs/cpu/br28/charge/chargestore.c.o
LOAD objs/cpu/br28/charge/chargestore_config.c.o
LOAD objs/cpu/br28/lua_port_api.c.o
LOAD objs/cpu/br28/overlay_code.c.o
LOAD objs/cpu/br28/periph/led/pwm_led.c.o
LOAD objs/cpu/br28/periph/mcpwm.c.o
LOAD objs/cpu/br28/periph/rdec.c.o
LOAD objs/cpu/br28/periph/touch/lp_touch_key.c.o
LOAD objs/cpu/br28/periph/touch/lpctmu_hw.c.o
LOAD objs/cpu/br28/periph/touch/plcnt.c.o
LOAD objs/cpu/br28/power/key_wakeup.c.o
LOAD objs/cpu/br28/power/power_app.c.o
LOAD objs/cpu/br28/power/power_config.c.o
LOAD objs/cpu/br28/power/power_port.c.o
LOAD objs/cpu/br28/private_iis.c.o
LOAD objs/cpu/br28/setup.c.o
LOAD objs/cpu/br28/ui_driver/led7/led7_driver.c.o
LOAD objs/cpu/br28/ui_driver/ui_common.c.o
LOAD objs/cpu/components/iic_api.c.o
LOAD objs/cpu/components/iic_soft.c.o
LOAD objs/cpu/components/ir_decoder.c.o
LOAD objs/cpu/components/ir_encoder.c.o
LOAD objs/cpu/components/led_api.c.o
LOAD objs/cpu/components/rdec_soft.c.o
LOAD objs/cpu/components/touch/lp_touch_key_tool.c.o
LOAD objs/cpu/components/two_io_led.c.o
LOAD objs/cpu/config/gpio_file_parse.c.o
LOAD objs/cpu/config/lib_power_config.c.o
LOAD objs/cpu/periph_demo/gptimer_demo.c.o
LOAD objs/cpu/periph_demo/iic_master_demo.c.o
LOAD objs/cpu/periph_demo/iic_slave_demo.c.o
LOAD objs/cpu/periph_demo/ir_encoder_decoder_demo.c.o
LOAD objs/cpu/periph_demo/led_api_test.c.o
LOAD objs/cpu/periph_demo/ledc_test.c.o
LOAD objs/cpu/periph_demo/pwm_led_test.c.o
LOAD objs/cpu/periph_demo/rdec_soft_demo.c.o
LOAD objs/cpu/periph_demo/sd_test.c.o
LOAD objs/cpu/periph_demo/spi_test.c.o
LOAD objs/cpu/periph_demo/two_io_led_test.c.o
LOAD objs/cpu/periph_demo/uart_test.c.o
LOAD objs/apps/earphone/sdk_version.z.S.o
START GROUP
LOAD cpu/br28/liba/cpu.a
LOAD cpu/br28/liba/system.a
LOAD cpu/br28/liba/btstack.a
LOAD cpu/br28/liba/bt_hash_enc.a
LOAD cpu/br28/liba/rcsp_stack.a
LOAD cpu/br28/liba/ximalaya_lib.a
LOAD cpu/br28/liba/google_fps.a
LOAD cpu/br28/liba/fmna_stack.a
LOAD cpu/br28/liba/lib_fmy_auth_br28.a
LOAD cpu/br28/liba/swift_pair.a
LOAD cpu/br28/liba/libdma-protocol.a
LOAD cpu/br28/liba/libdma-device-ota.a
LOAD cpu/br28/liba/btctrler.a
LOAD cpu/br28/liba/aec.a
LOAD cpu/br28/liba/media.a
LOAD cpu/br28/liba/libepmotion.a
LOAD cpu/br28/liba/libAptFilt_pi32v2_OnChip.a
LOAD cpu/br28/liba/libEchoSuppress_pi32v2_OnChip.a
LOAD cpu/br28/liba/libNoiseSuppress_pi32v2_OnChip.a
LOAD cpu/br28/liba/libSplittingFilter_pi32v2_OnChip.a
LOAD cpu/br28/liba/libDelayEstimate_pi32v2_OnChip.a
LOAD cpu/br28/liba/libSMS_TDE_pi32v2_OnChip.a
LOAD cpu/br28/liba/libSMS_TDE_Stereo_pi32v2_OnChip.a
LOAD cpu/br28/liba/libDualMicSystem_pi32v2_OnChip.a
LOAD cpu/br28/liba/libDualMicSystem_flexible_pi32v2_OnChip.a
LOAD cpu/br28/liba/libAdaptiveEchoSuppress_pi32v2_OnChip.a
LOAD cpu/br28/liba/libOpcore_maskrom_pi32v2_OnChip.a
LOAD cpu/br28/liba/lib_advaudio_plc.a
LOAD cpu/br28/liba/lib_esco_audio_plc.a
LOAD cpu/br28/liba/noisegate.a
LOAD cpu/br28/liba/lib_resample_cal.a
LOAD cpu/br28/liba/lib_resample_fast_cal.a
LOAD cpu/br28/liba/sbc_eng_lib.a
LOAD cpu/br28/liba/lib_sbc_msbc.a
LOAD cpu/br28/liba/lib_mp3_dec.a
LOAD cpu/br28/liba/lib_f2a_dec.a
LOAD cpu/br28/liba/lib_ogg_opus_dec.a
LOAD cpu/br28/liba/opus_enc_lib.a
LOAD cpu/br28/liba/aac_enc_lib.a
LOAD cpu/br28/liba/libLHDCv4DecodeLib.a
LOAD cpu/br28/liba/libLHDCv5DecodeLib.a
LOAD cpu/br28/liba/lib_ldac_dec.a
LOAD cpu/br28/liba/lib_ldac_enc.a
LOAD cpu/br28/liba/mp3_decstream_lib.a
LOAD cpu/br28/liba/lib_mty_dec.a
LOAD cpu/br28/liba/lib_wav_dec.a
LOAD cpu/br28/liba/lib_flac_dec.a
LOAD cpu/br28/liba/lib_m4a_dec.a
LOAD cpu/br28/liba/lib_ape_dec.a
LOAD cpu/br28/liba/lib_wma_dec.a
LOAD cpu/br28/liba/agreement.a
LOAD cpu/br28/liba/libjlsp.a
LOAD cpu/br28/liba/libjlsp_kws.a
LOAD cpu/br28/liba/libkwscommon.a
LOAD cpu/br28/liba/JL_Phone_Call.a
LOAD cpu/br28/liba/crossover_coff.a
LOAD cpu/br28/liba/drc.a
LOAD cpu/br28/liba/lib_drc_advance.a
LOAD cpu/br28/liba/lib_drc_detect.a
LOAD cpu/br28/liba/lib_voiceChanger.a
LOAD cpu/br28/liba/VirtualBass.a
LOAD cpu/br28/liba/lib_virtual_bass_classic.a
LOAD cpu/br28/liba/lib_virtual_bass_pro.a
LOAD cpu/br28/liba/lib_point360_td.a
LOAD cpu/br28/liba/SensorCalib.a
LOAD cpu/br28/liba/SpatialAudio.a
LOAD cpu/br28/liba/SomatosensoryControl.a
LOAD cpu/br28/liba/DynamicEQ.a
LOAD cpu/br28/liba/DynamicEQPro.a
LOAD cpu/br28/liba/lib_icsd_adt.a
LOAD cpu/br28/liba/lib_icsd_common.a
LOAD cpu/br28/liba/lib_icsd_dot.a
LOAD cpu/br28/liba/lib_icsd_anc_v2.a
LOAD cpu/br28/liba/lib_icsd_common_v2.a
LOAD cpu/br28/liba/lib_icsd_aeq.a
LOAD cpu/br28/liba/lib_icsd_afq.a
LOAD cpu/br28/liba/lib_icsd_cmp.a
LOAD cpu/br28/liba/lib_icsd_wind.a
LOAD cpu/br28/liba/lib_icsd_wat.a
LOAD cpu/br28/liba/lib_icsd_vdt.a
LOAD cpu/br28/liba/lib_icsd_ein.a
LOAD cpu/br28/liba/lib_icsd_avc.a
LOAD cpu/br28/liba/lib_icsd_howl.a
LOAD cpu/br28/liba/libjlsp_kws_far_keyword.a
LOAD cpu/br28/liba/libjlsp_kws_india_english.a
LOAD cpu/br28/liba/3DSpatial.a
LOAD cpu/br28/liba/lib_plateReverb_adv.a
LOAD cpu/br28/liba/lib_reverb_cal.a
LOAD cpu/br28/liba/lib_AutoWah.a
LOAD cpu/br28/liba/lib_Chorus.a
LOAD cpu/br28/liba/lib_FrequencyShift.a
LOAD cpu/br28/liba/howling.a
LOAD cpu/br28/liba/lib_HarmonicExciter.a
LOAD cpu/br28/liba/libllns.a
LOAD cpu/br28/liba/libDualMicSystem_Hybrid.a
LOAD cpu/br28/liba/libDualMicSystem_Awn.a
LOAD cpu/br28/liba/lib_ThreeD_effect.a
LOAD cpu/br28/liba/lib_SurroundEffect.a
LOAD cpu/br28/liba/lib_StereoWidener.a
LOAD cpu/br28/liba/lib_PcmDelay.a
LOAD cpu/br28/liba/crossover_coff.a
LOAD cpu/br28/liba/lib_limiter.a
LOAD cpu/br28/liba/lib_iir_filter.a
LOAD cpu/br28/liba/spatial_adv.a
LOAD cpu/br28/liba/le_audio_profile.a
LOAD cpu/br28/liba/lib_jla_codec.a
LOAD cpu/br28/liba/lib_lc3_codec.a
LOAD cpu/br28/liba/lib_jl_codec_common.a
LOAD cpu/br28/liba/lib_jla_v2_codec.a
LOAD cpu/br28/liba/lib_noisegate_pro.a
LOAD cpu/br28/liba/lib_eq_design_coeff.a
LOAD cpu/br28/liba/libSAS_pi32v2_OnChip.a
LOAD cpu/br28/liba/lib_phaser.a
LOAD cpu/br28/liba/lib_flanger.a
LOAD cpu/br28/liba/lib_chorus_adv.a
LOAD cpu/br28/liba/lib_pingpong_echo.a
LOAD cpu/br28/liba/libStereoSpatialWider_pi32v2_OnChip.a
LOAD cpu/br28/liba/libdistortion.a
LOAD cpu/br28/liba/lib_frequency_compressor.a
LOAD cpu/br28/liba/lib_gain_mix.a
LOAD cpu/br28/liba/liblhdc_x_edge.a
LOAD cpu/br28/liba/libFFT_pi32v2_OnChip.a
LOAD cpu/br28/liba/lib_wtg_dec.a
LOAD cpu/br28/liba/bfilterfun_lib.a
LOAD cpu/br28/liba/lib_wtgv2_rom_dec.a
LOAD cpu/br28/liba/lib_bt_aac_dec.a
LOAD cpu/br28/liba/crypto_toolbox_Osize.a
LOAD cpu/br28/liba/lib_dns.a
LOAD apps/common/third_party_profile/tuya_protocol/sdk/lib/libtuya_lib.a
LOAD cpu/br28/liba/update.a
LOAD cpu/br28/liba/cbuf.a
LOAD cpu/br28/liba/lbuf.a
LOAD cpu/br28/liba/printf.a
LOAD cpu/br28/liba/device.a
LOAD cpu/br28/liba/fs.a
LOAD cpu/br28/liba/ascii.a
LOAD cpu/br28/liba/cfg_tool.a
LOAD cpu/br28/liba/vm.a
LOAD cpu/br28/liba/debug_record.a
LOAD cpu/br28/liba/lzma_dec.a
LOAD cpu/br28/liba/chargestore.a
LOAD cpu/br28/liba/printf.a
LOAD cpu/br28/liba/cbuf.a
LOAD cpu/br28/liba/vm.a
LOAD cpu/br28/liba/fs.a
LOAD cpu/br28/liba/cfg_tool.a
END GROUP
                0x0001fd6c                lp_signature_set = 0x1fd6c
                0x0001fd70                memmem = 0x1fd70
                0x0001fd74                memcpy = 0x1fd74
                0x0001fd78                memmove = 0x1fd78
                0x0001fd7c                memcmp = 0x1fd7c
                0x0001fd80                memset = 0x1fd80
                0x0001fd84                strcmp = 0x1fd84
                0x0001fd88                strcpy = 0x1fd88
                0x0001fd8c                strlen = 0x1fd8c
                0x0001fd90                strncmp = 0x1fd90
                0x0001fd94                strstr = 0x1fd94
                0x0001fd98                strchr = 0x1fd98
                0x0001fd9c                __divdi3 = 0x1fd9c
                0x0001fda0                __udivmoddi4 = 0x1fda0
                0x0001fda4                __adddf3 = 0x1fda4
                0x0001fda8                __fixdfsi = 0x1fda8
                0x0001fdac                flush_dcache = 0x1fdac
                0x0001fdb0                flushinv_dcache = 0x1fdb0
                0x0001fdb4                IcuWaitIdle = 0x1fdb4
                0x0001fdb8                DcuWaitIdle = 0x1fdb8
                0x0001fdbc                IcuInitial = 0x1fdbc
                0x0001fdc0                DcuInitial = 0x1fdc0
                0x0001fdcc                sfc_drop_cache = 0x1fdcc
                0x0001fdd0                chip_crc16 = 0x1fdd0
                0x0001fdd4                CrcDecode = 0x1fdd4
                0x0001fdd8                get_flash_file_key = 0x1fdd8
                0x0001fddc                dec_isd_cfg_ini = 0x1fddc
                0x0001fde0                _jlfs_mount = 0x1fde0
                0x0001fde4                sfc_boot = 0x1fde4
                0x0001fde8                mask_init = 0x1fde8
                0x0001fdf0                nvram_set_boot_state = 0x1fdf0
                0x0001fdf4                chip_reset = 0x1fdf4
                0x0001fdf8                the_debug_isr = 0x1fdf8
                0x0001fdfc                print = 0x1fdfc
                0x0001fe00                sprintf = 0x1fe00
                0x0001fe04                printf = 0x1fe04
                0x0001fe08                puts = 0x1fe08
                0x0001fe0c                doe = 0x1fe0c
                0x0001fe10                spi_get_port = 0x1fe10
                0x0001fe14                _pll_init = 0x1fe14
                0x0001fe18                flash_poweron = 0x1fe18
                0x0001fe1c                spi_unmount = 0x1fe1c
                0x0001fe20                spi_port_io_init = 0x1fe20
                0x0001fe24                usb_slave_mode = 0x1fe24
                0x0001fe28                LZ4_setStreamDecode = 0x1fe28
                0x0001fe2c                LZ4_decompress_safe_continue = 0x1fe2c
                0x0001fe30                LZ4_decompress_generic = 0x1fe30
                0x0001fe34                _sdk_mkey_lock = 0x1fe34
                0x0001fe38                g_hash_function = 0x1fe38
                0x0001fe3c                f1_hash_function = 0x1fe3c
                0x0001fe40                f2_hash_function = 0x1fe40
                0x0001fe44                f3_hash_function = 0x1fe44
                0x0001fe48                h2_hash_function = 0x1fe48
                0x0001fe4c                h3_hash_function = 0x1fe4c
                0x0001fe50                h4_hash_function = 0x1fe50
                0x0001fe54                h5_hash_function = 0x1fe54
                0x0001fe58                g_function = 0x1fe58
                0x0001fe5c                f1_function = 0x1fe5c
                0x0001fe60                f2_function = 0x1fe60
                0x0001fe64                f3_function = 0x1fe64
                0x0001fe68                sha256Compute = 0x1fe68
                0x0001fe6c                uECC_compute_public_key = 0x1fe6c
                0x0001fe70                uECC_shared_secret = 0x1fe70
                0x0001fe74                bi_initialize = 0x1fe74
                0x0001fe78                bi_read_from_byte = 0x1fe78
                0x0001fe7c                bi_poly_mod2 = 0x1fe7c
                0x0001fe80                bi_poly_mul = 0x1fe80
                0x0001fe84                trim = 0x1fe84
                0x0001fe88                bi_wirte_to_byte = 0x1fe88
                0x0001fe8c                bi_free = 0x1fe8c
                0x0001fe90                bi_terminate = 0x1fe90
                0x0001fe94                get_cvsd_codec_ops = 0x1fe94
                0x00018590                wtgv2_silk_NLSF_CB_NB_MB = 0x18590
                0x0001848c                wtgv2_LSFCosTab_FIX_Q12 = 0x1848c
                0x00018a88                icdf_global_table = 0x18a88
                0x0001fe98                get_wtgv2dec_rom_ops = 0x1fe98
                0x0001fe9c                wtgv2_silk_Decode = 0x1fe9c
                0x0001fea0                wtgv2_silk_decode_frame = 0x1fea0
                0x0001fea4                wtgv2_silk_decoder_set_fs = 0x1fea4
                0x0001fea8                wtgv2_silk_decode_indices = 0x1fea8
                0x0001feac                wtgv2_silk_decode_pulses = 0x1feac
                0x0001feb0                wtgv2_silk_decode_parameters = 0x1feb0
                0x0001feb4                wtgv2_silk_decode_core = 0x1feb4
                0x0001feb8                logAprx_CORDIC_float = 0x1feb8
                0x0001febc                expAprx_CORDIC_float = 0x1febc
                0x0001fec0                magnAprx_float = 0x1fec0
                0x0001fec4                MatrixCopy_float_c_c = 0x1fec4
                0x0001fec8                MatrixCopy_float_f_f = 0x1fec8
                0x0001fecc                MatrixEwMulAndSumOneDim_float_c_c_c_s0 = 0x1fecc
                0x0001fed0                MatrixEwMulAndSumOneDim_float_c_c_c_s1 = 0x1fed0
                0x0001fed4                MatrixEwMulAndSumOneDim_float_f_f_f_s0 = 0x1fed4
                0x0001fed8                MatrixEwMulAndSumOneDim_float_f_f_f_s1 = 0x1fed8
                0x0001fedc                MatrixEwConjMulAndSumOneDim_float_c_c_c_s0 = 0x1fedc
                0x0001fee0                MatrixEwConjMulAndSumOneDim_float_c_c_c_s1 = 0x1fee0
                0x0001fee4                VecMeanSq_s16_f32 = 0x1fee4
                0x0001fee8                VecOverShift_s16_f32 = 0x1fee8
                0x0001feec                VecMinus_s16_f32_f32 = 0x1feec
                0x0001fef0                VectorCopy_f32_s16 = 0x1fef0
                0x0001fef4                VecEleMul_s16_s16_f32 = 0x1fef4
                0x0001fef8                VecEleMul_f32_s16_f32 = 0x1fef8
                0x0001fefc                VecMeanSq_float_f_f = 0x1fefc
                0x0001ff00                VectorSet_float_f_f = 0x1ff00
                0x0001ff04                VecMagRecAve_float_c_f_f = 0x1ff04
                0x0001ff08                VecMulScalar_float_c_f_c = 0x1ff08
                0x0001ff0c                VecConjEleMul_float_c_c_c = 0x1ff0c
                0x0001ff10                VecPlus_float_f_f_f = 0x1ff10
                0x0001ff14                VecDivide_float_c_f_c_f = 0x1ff14
                0x0001ff18                VecPlus_float_c_c_c = 0x1ff18
                0x0001ff1c                VecConjMulRecAve_float_c_c_c_f = 0x1ff1c
                0x0001ff20                VecGetMag_float_c_f = 0x1ff20
                0x0001ff24                VecMax_float_f_f = 0x1ff24
                0x0001ff28                VecRecAve_float_f_f_f = 0x1ff28
                0x0001ff2c                VecEleMul_float_f_f_f = 0x1ff2c
                0x0001ff30                VecMagAndDiv_float_c_f_f_f = 0x1ff30
                0x0001ff34                VecMin_float_f_f = 0x1ff34
                0x0001ff38                VecMinus_float_f_f_f = 0x1ff38
                0x0001ff3c                VecMean_float_f_f = 0x1ff3c
                0x0001ff40                VecEleMul_float_c_f_c = 0x1ff40
                0x0001ff44                VecMeanSqu_float_c_f = 0x1ff44
                0x0001ff48                VecCopy_float_f_f = 0x1ff48
                0x0001ff4c                VecMin_float_f_f_f = 0x1ff4c
                0x0001ff50                VecDivide_float_f_f_f_f = 0x1ff50
                0x0001ff54                VecCompBT_float_f_f_f = 0x1ff54
                0x0001ff58                VecCondCopy_float_f_f_f = 0x1ff58
                0x0001ff5c                VecMulScalar_float_f_f_f = 0x1ff5c
                0x0001ff60                VecPlusScalar_float_f_f_f = 0x1ff60
                0x0001ff64                VecMinScalar_float_f_f_f = 0x1ff64
                0x0001ff68                VecOpposite_float_f_f = 0x1ff68
                0x0001ff6c                VecEleMla_float_f_f_f = 0x1ff6c
                0x0001ff70                VecEleMla_float_c_c_c = 0x1ff70
                0x0001ff74                VecMinus_float_c_c_c = 0x1ff74
                0x0001ff78                VecDotProduct_float_f_f_f = 0x1ff78
                0x0001ff7c                VecDotProduct_float_c_c_c = 0x1ff7c
                0x0001ff80                VecDotProduct_float_c_f_c = 0x1ff80
                0x0001ff84                VecCopy_float_c_c = 0x1ff84
                0x0001ff88                VecCopy_float_f_c = 0x1ff88
                0x0001ff8c                VecConjDotProduct_float_c_c_c = 0x1ff8c
                0x0001ff90                VecNormalize_float_c_c_f = 0x1ff90
                0x0001ff94                VecRecAve_float_c_c_f = 0x1ff94
                0x0001ff98                VecOverlapShift_float_f_f_i = 0x1ff98
                0x0001ff9c                VecMax_float_f_f_f = 0x1ff9c
                0x0001ffa0                VecConjEwMulAndDiv_float_c_c_f_f_c = 0x1ffa0
                0x0001ffa4                VecPlusMulScalar_float_c_c_f_c = 0x1ffa4
                0x0001ffa8                VecCondCopy_float_c_i_c = 0x1ffa8
                0x0001ffac                VecEleMulAndDiv_float_f_f_f_f_f = 0x1ffac
                0x0001ffb0                VectorSet_float_f_c = 0x1ffb0
                0x0001ffb4                VecDivScalar_float_f_f_f = 0x1ffb4
                0x0001ffb8                VecDivScalar_float_c_f_c = 0x1ffb8
                0x0001ffbc                VecPlusScalar_float_c_f_c = 0x1ffbc
                0x0001ffc0                VecMinScalar_float_c_f_c = 0x1ffc0
                0x00019000                mdct_tab_256 = 0x19000
                0x00019200                mdct_tab_2048 = 0x19200
                0x0001a200                sine_long_1024 = 0x1a200
                0x0001b200                sine_short_128 = 0x1b200
                0x0001b400                kbd_long_1024 = 0x1b400
                0x0001c400                kbd_short_128 = 0x1c400
                0x0001c634                Huffmancb_SCL = 0x1c634
                0x0001c844                num_swb_960_window = 0x1c844
                0x0001c850                num_swb_1024_window = 0x1c850
                0x0001c85c                num_swb_128_window = 0x1c85c
                0x0001c868                swb_offset_1024_96 = 0x1c868
                0x0001c8bc                swb_offset_128_96 = 0x1c8bc
                0x0001c8d6                swb_offset_1024_64 = 0x1c8d6
                0x0001c936                swb_offset_128_64 = 0x1c936
                0x0001c950                swb_offset_1024_48 = 0x1c950
                0x0001c9b4                swb_offset_128_48 = 0x1c9b4
                0x0001c9d2                swb_offset_1024_32 = 0x1c9d2
                0x0001ca3a                swb_offset_1024_24 = 0x1ca3a
                0x0001ca9a                swb_offset_128_24 = 0x1ca9a
                0x0001caba                swb_offset_1024_16 = 0x1caba
                0x0001cb12                swb_offset_128_16 = 0x1cb12
                0x0001cb32                swb_offset_1024_8 = 0x1cb32
                0x0001cb84                swb_offset_128_8 = 0x1cb84
                0x0001cba4                swb_offset_1024_window = 0x1cba4
                0x0001cbd4                swb_offset_128_window = 0x1cbd4
                0x0001cc04                iq_table = 0x1cc04
                0x0001d008                tns_coef_0_3 = 0x1d008
                0x0001d048                tns_coef_0_4 = 0x1d048
                0x0001d088                tns_coef_1_3 = 0x1d088
                0x0001d0c8                tns_coef_1_4 = 0x1d0c8
                0x0001d108                pow05_table = 0x1d108
                0x0001d124                sample_rates = 0x1d124
                0x0001d154                pred_sfb_max = 0x1d154
                0x0001d160                tns_sbf_max = 0x1d160
                0x0001d1a0                Huffmancb_1 = 0x1d1a0
                0x0001d338                Huffmancb_2 = 0x1d338
                0x0001d470                Huffmancb_3 = 0x1d470
                0x0001d5a8                Huffmancb_4 = 0x1d5a8
                0x0001d6d8                Huffmancb_5 = 0x1d6d8
                0x0001d820                Huffmancb_6 = 0x1d820
                0x0001d960                Huffmancb_7 = 0x1d960
                0x0001da58                Huffmancb_8 = 0x1da58
                0x0001db50                Huffmancb_9 = 0x1db50
                0x0001ddf0                Huffmancb_10 = 0x1ddf0
                0x0001e080                Huffmancb_11 = 0x1e080
                0x0001e540                AACcodeBookDTable = 0x1e540
                0x0001c83c                AAC_SFHUFF_TAB = 0x1c83c
                0x0001ffc4                get_aacrom_ops = 0x1ffc4
                0x0001e5b8                silk_NLSF_CB_WB = 0x1e5b8
                0x0001ea5c                silk_LTP_vq_ptrs_Q7 = 0x1ea5c
                0x0001ffc8                get_opus_enc_ops = 0x1ffc8
                0x0001ffcc                opus_encode = 0x1ffcc
                0x0001ffd0                silk_Encode = 0x1ffd0
                0x0001ffd4                silk_encode_do_VAD_FIX = 0x1ffd4
                0x0001ffd8                silk_encode_frame_FIX = 0x1ffd8
                0x0001ffdc                silk_find_pitch_lags_FIX = 0x1ffdc
                0x0001ffe0                silk_noise_shape_analysis_FIX = 0x1ffe0
                0x0001ffe4                silk_find_pred_coefs_FIX = 0x1ffe4
                0x0001ffe8                silk_process_gains_FIX = 0x1ffe8
                0x0001ffec                silk_prefilter_FIX = 0x1ffec
                0x0001fff0                silk_NSQ_del_dec_c = 0x1fff0
                0x0001fff4                silk_encode_indices = 0x1fff4
                0x0001fff8                silk_encode_pulses = 0x1fff8
                0x0001fffc                silk_ana_filt_bank_1 = 0x1fffc
                0x00003804                STFT_Win_FixHalf_M512_D160 = 0x3804
                0x00003c04                STFT_Win_FixHalf_M256_D160 = 0x3c04
                0x00003e04                STFT_Win_FixHalf_M256_D80 = 0x3e04
                0x00004004                STFT_Win_FixHalf_M128_D80 = 0x4004
                0x00000004                WOLAAnalysisFilter_Float_M64_m4_r1 = 0x4
                0x00000404                WOLASynthesisFilter_Float_M64_m4_r1 = 0x404
                0x00000804                WOLAAnalysisFilter_Float_M128_m4_r1 = 0x804
                0x00001004                WOLASynthesisFilter_Float_M128_m4_r1 = 0x1004
                0x00001804                WOLAAnalysisFilter_Float_M256_m4_r1 = 0x1804
                0x00002804                WOLASynthesisFilter_Float_M256_m4_r1 = 0x2804
                0x00009914                quantize_intervals_LF = 0x9914
                0x00009a18                invert_quantize_dither_factors_LF = 0x9a18
                0x00009b1c                quantize_dither_factors_LF = 0x9b1c
                0x00009c20                quantize_factor_select_offset_LF = 0x9c20
                0x00009ca4                hd_quantize_intervals_LF = 0x9ca4
                0x0019fc28                boot_arg_list = 0x19fc28
                0x0019fe00                _IRQ_MEM_ADDR = 0x19fe00
                0x0019fc00                _MASK_MEM_BEGIN = 0x19fc00
                0x000001a4                _MASK_MEM_SIZE = 0x1a4
                0x00000080                UPDATA_SIZE = 0x80
                0x0019fb80                UPDATA_BEG = (_MASK_MEM_BEGIN - UPDATA_SIZE)
                0x001a0000                UPDATA_BREDR_BASE_BEG = 0x1a0000
                0x00100000                RAM_LIMIT_L = 0x100000
                0x0019fb80                RAM_LIMIT_H = UPDATA_BEG
                0x0009fb80                PHY_RAM_SIZE = (RAM_LIMIT_H - RAM_LIMIT_L)
                0x0019fe00                ISR_BASE = _IRQ_MEM_ADDR
                0x000001a4                ROM_RAM_SIZE = _MASK_MEM_SIZE
                0x0019fc00                ROM_RAM_BEG = _MASK_MEM_BEGIN
                0x00160000                RAM0_BEG = (RAM_LIMIT_L + 0x60000)
                0x0019fb80                RAM0_END = RAM_LIMIT_H
                0x0003fb80                RAM0_SIZE = (RAM0_END - RAM0_BEG)
                0x00100000                RAM1_BEG = RAM_LIMIT_L
                0x00160000                RAM1_END = RAM0_BEG
                0x00060000                RAM1_SIZE = (RAM1_END - RAM1_BEG)
                0x06000100                CODE_BEG = 0x6000100
                0x00160000                . = ORIGIN (ram0)

.mmu_tlb        0x00160000     0x2800
 *(.mmu_tlb_segment)
 .mmu_tlb_segment
                0x00160000     0x2800 cpu/br28/tools/sdk.elf.o

.boot_info      0x00162800       0x40
 *(.boot_info)
 .boot_info     0x00162800       0x28 cpu/br28/tools/sdk.elf.o
                0x00162840                . = ALIGN (0x20)
 *fill*         0x00162828       0x18 

.irq_stack      0x00162840     0x2000
                0x00162840                _cpu0_sstack_begin = .
 *(.cpu0_stack)
 .cpu0_stack    0x00162840     0x1000 cpu/br28/liba/cpu.a(startup.S.o)
                0x00163840                _cpu0_stack
                0x00163840                _cpu0_sstack_end = .
                0x00163840                . = ALIGN (0x4)
                0x00163840                _cpu1_sstack_begin = .
 *(.cpu1_stack)
 .cpu1_stack    0x00163840     0x1000 cpu/br28/liba/cpu.a(startup.S.o)
                0x00164840                _cpu1_stack
                0x00164840                _cpu1_sstack_end = .
                0x00164840                . = ALIGN (0x4)

.data           0x00164840      0x790
                0x00164840                . = ALIGN (0x4)
 *(.data_magic)
 .data_magic    0x00164840       0x40 cpu/br28/tools/sdk.elf.o
                0x00164840                data_magic
 *(.data*)
 .data          0x00164880      0x640 cpu/br28/tools/sdk.elf.o
 .data          0x00164ec0        0x4 C:/JL/pi32/pi32v2-lib/r3-large/libc.a(lib_a-ctype_.o)
                0x00164ec0                __ctype_ptr__
 *(.*.data)
 .power_driver.data
                0x00164ec4       0x7c cpu/br28/tools/sdk.elf.o
 .aac.data      0x00164f40        0x4 cpu/br28/tools/sdk.elf.o
                0x00164f44                . = ALIGN (0x4)
                0x00164f44                app_mode_begin = .
 *(.app_mode)
 .app_mode      0x00164f44       0x30 cpu/br28/tools/sdk.elf.o
                0x00164f44                __bt_mode
                0x00164f54                __idle_mode
                0x00164f64                __poweron_mode
                0x00164f74                app_mode_end = .
                0x00164f74                . = ALIGN (0x4)
                0x00164f74                prot_flash_begin = .
 *(.prot_flash)
 .prot_flash    0x00164f74       0x30 cpu/br28/tools/sdk.elf.o
                0x00164f74                __prot_flash_main
                0x00164f94                __prot_flash_vm
                0x00164fa4                prot_flash_end = .
                0x00164fa4                . = ALIGN (0x4)
                0x00164fa4                local_tws_ops_begin = .
 *(.local_tws)
                0x00164fa4                local_tws_ops_end = .
                0x00164fa4                . = ALIGN (0x4)
 *(.crypto_ecdh_data)
 *(.crypto_data)
 .crypto_data   0x00164fa4        0x1 cpu/br28/tools/sdk.elf.o
 *(.uECC_data)
 *fill*         0x00164fa5        0x3 
 .uECC_data     0x00164fa8        0x4 cpu/br28/tools/sdk.elf.o
 *(.ECDH_sample_data)
 *(.debug_const)
                0x00164fac                . = ALIGN (0x4)
                0x00164fac                update_data_start = .
                0x00164fac                update_data_end = .
                0x00164fac                btstack_data_start = .
 *(.bt_stack_data)
 *(.ble_db_data)
 *(.ble_sm_data)
 *(.ble_att_data)
 *(.ble_gatt_data)
 *(.fmna_stack_data)
 *(.fmna_plaform_data)
 *(.fmna_crypto_data)
                0x00164fac                BTSTACK_LE_HOST_MESH_DATA_START = .
                0x00164fac                . = ((. + 0x3) & 0xfffffffc)
                0x00164fac                _net_buf_pool_list = .
 *(._net_buf_pool.static.*)
 *(.ble_mesh_data)
 *(.ble_mesh_tinycrypt_data)
                0x00000000                BTSTACK_LE_HOST_MESH_DATA_SIZE = ABSOLUTE ((. - BTSTACK_LE_HOST_MESH_DATA_START))
                0x00164fac                btstack_data_end = .
                0x00164fac                driver_data_start = .
                0x00164fac                CLOCK_DATA_START = .
 *(.clock_data)
                0x00000000                CLOCK_DATA_SIZE = ABSOLUTE ((. - CLOCK_DATA_START))
 *(.debug_data)
 *(.uart_data)
 *(.power_driver.data)
                0x00164fac                driver_data_end = .
                0x00164fc0                . = ALIGN (0x20)
 *fill*         0x00164fac       0x14 
                0x00164fc0                utils_data_start = .
 *(.utils_data)
                0x00164fc0                utils_data_end = .
                0x00164fc0                . = ALIGN (0x4)
                0x00164fc0                audio_cvp_data_begin = .
                0x00164fc0                . = ALIGN (0x4)
 *(.jlsp_aec_data)
 *(.jlsp_nlp_data)
 *(.jlsp_dns_data)
 .jlsp_dns_data
                0x00164fc0        0x3 cpu/br28/tools/sdk.elf.o
 *(.jlsp_enc_data)
 *(.jlsp_prep_data)
 *(.jlsp_wn_data)
 *(.jlsp_tri_data)
 *(.jlsp_agc_data)
 *(.jlsp_dms_hybrid_data)
 *(.jlsp_dms_awn_data)
 *(.sms_data)
 *(.sms_stereo_data)
 *(.dms_data)
 *(.data._*)
 *(.aec_data)
 *(.res_data)
 *(.ns_data)
 *(.jlsp_data)
 *(.nlp_data)
 *(.der_data)
 *(.qmf_data)
 *(.fft_data)
                0x00164fc3                audio_cvp_data_end = .
                0x00000003                audio_cvp_data_size = (audio_cvp_data_end - audio_cvp_data_begin)
                0x00164fc4                . = ALIGN (0x4)
 *fill*         0x00164fc3        0x1 
                0x00164fc4                media_lib_data_begin = .
                0x00164fc4                . = ALIGN (0x4)
                0x00164fc4                . = ALIGN (0x4)
                0x00164fc4                audio_sync_data_begin = .
 *(.audio_sync_data)
 .audio_sync_data
                0x00164fc4        0xc cpu/br28/tools/sdk.elf.o
                0x00164fd0                audio_sync_data_end = .
                0x00164fd0                . = ALIGN (0x4)
 *(.pSOUND360TD_cal_data)
 *(.jlsp_kws_yesno_data)
 *(.jlsp_kws_common_data)
 *(.jlsp_kws_music_bss)
 *(.jlsp_kws_phone_call_data)
 *(.jlsp_kws_india_english_music_data)
 *(.jlsp_kws_india_english_phone_call_data)
 *(.jlsp_far_keyword_data)
 *(.jlsp_far_front_data)
 *(.lhdc.data)
 *(.lhdcv4_dec.data)
 *(.lhdc_v5.data)
 *(.lhdcv5_dec.data)
 *(.ldac.data)
 *(.ldac_enc.data)
 *(.ldac_dec.data)
 *(.msbc_data)
 *(.cvsd_data)
 *(.sbc_data)
 *(.sbc_dec.data)
 *(.bt_aac_dec.data)
 *(.bt_aac_dec_data)
 *(.btaac_rom_dec.data)
 *(.aac.data)
 *(.aac_data)
 *(.sbc_eng_data)
 *(.bt_audioplc_data)
 *(.lc3_dec.data)
 *(.lc3_enc.data)
 *(.lc3_decoder_data)
 *(.jla_v2_dec_data)
 *(.jla_v2_enc_data)
 *(.jla_v2_codec_c_data)
 *(.jla_v2_codec_ari_c_data)
 *(.mp3_dec.data)
 *(.mp3.data)
 *(.mp3tsy_dec.data)
 *(.mp3_data)
 *(.mp3_dec_data)
 *(.mp3tsy_dec_data)
 *(.mp3tsy_data)
 *(.wma_dec.data)
 *(.wma.data)
 *(.wma_data)
 *(.wma_dec_data)
 *(.wav_dec.data)
 *(.wav.data)
 *(.wav_dec_data)
 *(.wav_data)
 *(.flac_dec.data)
 *(.flac.data)
 *(.flac_data)
 *(.flac_dec_data)
 *(.mty.data)
 *(.f2a_dec.data)
 *(.f2a.data)
 *(.opus_enc.data)
 *(.opus.data)
 *(.ogg_opus_dec.data)
 *(.ogg.data)
 *(.ogg_vorbis_dec.data)
 *(.aptx_dec.data)
 *(.wtg_dec.data)
 *(.g729.data)
 *(.wtgv2_dec.data)
 *(.wtgv2_data)
 *(.wtgv2dec_data)
 *(.wts.data)
 *(.dts_dec.data)
 *(.dts.data)
 *(.f2a_dec.data)
 *(.f2a.data)
 *(.m4a_dec.data)
 *(.m4a.data)
 *(.m4a_dec_data)
 *(.m4a_data)
 *(.alac.data)
 *(.amr_dec.data)
 *(.alac_data)
 *(.amr_dec_data)
 *(.amr.data)
 *(.alac_data)
 *(.ape_dec.data)
 *(.ape.data)
 *(.ape_dec_data)
 *(.ape_data)
 *(.audio_track_data)
 *(.audio_eq_data)
 *(.audio_drc_data)
 *(.audio_vbass_data)
 *(.audio_surround_data)
 *(.audio_pitch_data)
 *(.audio_pitchspeed_data)
 *(.pitchshifter_data)
 *(.audio_noisegate_data)
 *(.howlings_phf_data)
 *(.audio_reverb_data)
 *(.audio_echo_data)
 *(.anc_data)
 *(.anc_core_data)
 *(.anc_user_data)
 *(.anc_box_data)
 *(.anc_btspp_data)
 *(.anc_debug_data)
 *(.aec_mem)
                0x00164fd0                media_lib_data_end = .
                0x0000000c                media_lib_data_size = (media_lib_data_end - media_lib_data_begin)
                0x00164fd0                . = ALIGN (0x4)
                0x00164fd0                . = ALIGN (0x4)
                0x00164fd0                system_data_start = .
                0x00164fd0                _video_subdev_begin = .
                [!provide]                PROVIDE (video_subdev_begin, .)
 *(.video_subdev.0)
 *(.video_subdev.1)
 *(.video_subdev.2)
 *(.video_subdev.3)
 *(.video_subdev.4)
 *(.video_subdev.5)
                0x00164fd0                _video_subdev_end = .
                [!provide]                PROVIDE (video_subdev_end, .)
                0x00164fd0                _audio_subdev_begin = .
                [!provide]                PROVIDE (audio_subdev_begin, .)
 *(.audio_subdev.0)
 *(.audio_subdev.1)
 *(.audio_subdev.2)
 *(.audio_subdev.3)
                0x00164fd0                _audio_subdev_end = .
                [!provide]                PROVIDE (audio_subdev_end, .)
                0x00164fd0                _iic_device_begin = .
                [!provide]                PROVIDE (iic_device_begin, .)
 *(.iic)
                0x00164fd0                _iic_device_end = .
                [!provide]                PROVIDE (iic_device_end, .)
                0x00164fd0                _avin_spi_device_begin = .
                [!provide]                PROVIDE (avin_spi_device_begin, .)
 *(.sw_spi)
                0x00164fd0                _avin_spi_device_end = .
                [!provide]                PROVIDE (avin_spi_device_end, .)
                0x00164fd0                _video_dev_begin = .
                [!provide]                PROVIDE (video_dev_begin, .)
 *(.video_device)
                0x00164fd0                _video_dev_end = .
                [!provide]                PROVIDE (video_dev_end, .)
                0x00164fd0                _key_driver_ops_begin = .
                [!provide]                PROVIDE (key_driver_ops_begin, .)
 *(.key_driver_ops)
                0x00164fd0                _key_driver_ops_end = .
                [!provide]                PROVIDE (key_driver_ops_end, .)
                0x00164fd0                _touch_driver_begin = .
                [!provide]                PROVIDE (touch_driver_begin, .)
 *(.touch_driver)
                0x00164fd0                _touch_driver_end = .
                [!provide]                PROVIDE (touch_driver_end, .)
                0x00164fd0                _static_hi_timer_begin = .
                [!provide]                PROVIDE (static_hi_timer_begin, .)
 *(.hi_timer)
                0x00164fd0                _static_hi_timer_end = .
                [!provide]                PROVIDE (static_hi_timer_end, .)
                0x00164fd0                _sys_cpu_timer_begin = .
                [!provide]                PROVIDE (sys_cpu_timer_begin, .)
 *(.sys_cpu_timer)
                0x00164fd0                _sys_cpu_timer_end = .
                [!provide]                PROVIDE (sys_cpu_timer_end, .)
                0x00164fd0                _sys_config_begin = .
                [!provide]                PROVIDE (sys_config_begin, .)
 *(.sys_cfg)
                0x00164fd0                _sys_config_end = .
                [!provide]                PROVIDE (sys_config_end, .)
                0x00164fd0                _sys_fat_begin = .
                [!provide]                PROVIDE (sys_fat_begin, .)
 *(.fs_fat)
                0x00164fd0                _sys_fat_end = .
                [!provide]                PROVIDE (sys_fat_end, .)
                0x00164fd0                _app_begin = .
                [!provide]                PROVIDE (app_begin, .)
 *(.app)
                0x00164fd0                _app_end = .
                [!provide]                PROVIDE (app_end, .)
 *(.crypto_ecdh_data)
 *(.crypto_data)
 *(.mem_data)
 *(.os_port_data)
 *(.os_str)
 *(.os_data)
 *(.uECC_data)
 *(.ECDH_sample_data)
                0x00164fd0                . = ALIGN (0x4)
                0x00164fd0                __movable_slot_start = .
 *(movable.slot.*)
                0x00164fd0                __movable_slot_end = .
                0x00164fd0                . = ALIGN (0x4)
                0x00164fd0                system_data_end = .

.bss            0x00164fe0     0x2dac
                0x00164fe0                . = ALIGN (0x4)
                0x00164fe0                . = ALIGN (0x4)
 *(.bss)
 .bss           0x00164fe0     0x1eb0 cpu/br28/tools/sdk.elf.o
                0x0016510c                irq_lock_cnt
 *(.*.data.bss)
 .power_driver.data.bss
                0x00166e90      0xca6 cpu/br28/tools/sdk.elf.o
 *fill*         0x00167b36        0x2 
 .os.data.bss   0x00167b38      0x1d4 cpu/br28/tools/sdk.elf.o
 .lmp_rom.data.bss
                0x00167d0c       0x4c cpu/br28/tools/sdk.elf.o
 .bt_mask_var_init.data.bss
                0x00167d58        0x4 cpu/br28/tools/sdk.elf.o
 .hci_controller_lmp_rom.data.bss
                0x00167d5c        0x4 cpu/br28/tools/sdk.elf.o
 .lmp_hci_rom.data.bss
                0x00167d60        0x4 cpu/br28/tools/sdk.elf.o
                0x00167d64                . = ALIGN (0x4)
 *(.*.data.bss.nv)
                0x00167d64                . = ALIGN (0x4)
 *(.volatile_ram)
 *(.btstack_pool)
 *(.mem_heap)
 *(.memp_memory_x)
                0x00167d64                . = ALIGN (0x4)
 *(.usb.data.bss.exchange)
                0x00167d64                . = ALIGN (0x4)
 *(.non_volatile_ram)
 .non_volatile_ram
                0x00167d64        0x8 cpu/br28/tools/sdk.elf.o
 *(.uECC_bss)
 *(.ECDH_sample_bss)
 *(.crypto_bss)
                0x00167d80                . = ALIGN (0x20)
 *fill*         0x00167d6c       0x14 
                0x00167d80                update_bss_start = .
 *(.update_bss)
 .update_bss    0x00167d80        0xc cpu/br28/tools/sdk.elf.o
                0x00167d8c                update_bss_end = .
                0x00167d8c                btstack_bss_start = .
 *(.bt_stack_bss)
 *(.ble_db_bss)
 *(.ble_sm_bss)
 *(.ble_att_bss)
 *(.ble_gatt_bss)
 *(.btstack_pool)
 *(.fmna_stack_bss)
 *(.fmna_plaform_bss)
 *(.fmna_crypto_bss)
                0x00167d8c                BTSTACK_LE_HOST_MESH_BSS_START = .
 *(.ble_mesh_bss)
 *(.ble_mesh_tinycrypt_bss)
                0x00000000                BTSTACK_LE_HOST_MESH_BSS_SIZE = ABSOLUTE ((. - BTSTACK_LE_HOST_MESH_BSS_START))
                0x00167d8c                btstack_bss_end = .
                0x00167d8c                driver_bss_start = .
                0x00167d8c                CLOCK_BSS_START = .
 *(.clock_bss)
                0x00000000                CLOCK_BSS_SIZE = ABSOLUTE ((. - CLOCK_BSS_START))
 *(.debug_bss)
 *(.power_driver.data.bss)
 *(.uart_bss)
 *(.sd_var)
                0x00167d8c                . = ALIGN (0x4)
                0x00167d8c                driver_bss_end = .
                0x00167d8c                utils_bss_start = .
 *(.utils_bss)
                0x00167d8c                utils_bss_end = .
                0x00167d8c                . = ALIGN (0x4)
                0x00167d8c                audio_cvp_bss_begin = .
                0x00167d8c                . = ALIGN (0x4)
 *(.sms_bss)
 *(.sms_stereo_bss)
 *(.aec_bss)
 *(.nlp_bss)
 *(.res_bss)
 *(.ns_bss)
 *(.der_bss)
                0x00167d8c                . = ALIGN (0x4)
 *(.jlsp_bss)
 *(.jlsp_aec_bss)
 *(.jlsp_nlp_bss)
 *(.jlsp_dns_bss)
 *(.jlsp_enc_bss)
 *(.jlsp_prep_bss)
 *(.jlsp_wn_bss)
 *(.jlsp_tri_bss)
 *(.jlsp_agc_bss)
 *(.jlsp_dms_hybrid_bss)
 *(.jlsp_dms_awn_bss)
                0x00167d8c                audio_cvp_bss_end = .
                0x00000000                audio_cvp_bss_size = (audio_cvp_bss_end - audio_cvp_bss_begin)
                0x00167d8c                media_lib_bss_begin = .
                0x00167d8c                . = ALIGN (0x4)
                0x00167d8c                . = ALIGN (0x4)
                0x00167d8c                audio_sync_bss_begin = .
 *(.audio_sync_bss)
                0x00167d8c                audio_sync_bss_end = .
                0x00167d8c                . = ALIGN (0x4)
 *(.jlsp_kws_yesno_bss)
 *(.jlsp_kws_common_bss)
 *(.jlsp_kws_music_bss)
 *(.jlsp_kws_phone_call_bss)
 *(.jlsp_kws_india_english_music_bss)
 *(.jlsp_kws_india_english_phone_call_bss)
 *(.jlsp_far_keyword_bss)
 *(.jlsp_far_front_bss)
 *(.lhdc.data.bss)
 *(.lhdcv4dec_data.bss)
 *(.lhdc_v5.data.bss)
 *(.lhdcv5_dec.data.bss)
 *(.ldac_dec.data.bss)
 *(.ldac.data.bss)
 *(.ldac_enc.data.bss)
 *(.cvsd_bss)
 *(.bt_aac_dec_bss)
 *(.bt_aac_dec.data.bss)
 *(.btaac_ron_dec.data.bss)
 *(.aac.data.bss)
 *(.sbc_eng_bss)
 *(.sbc_bss)
 *(.sbc_dec.data.bss)
 *(.bt_audioplc_bss)
 *(.lc3_dec.data.bss)
 *(.lc3_enc.data.bss)
 *(.lc3_decoder_bss)
 *(.jla_codec_c_bss)
 *(.jl_codec_c_bss)
 *(.jla_lw_codec_bss)
 *(.jla_lw.bss)
 *(.jla_ll.bss)
 *(.jla_v2_dec_bss)
 *(.jla_v2_enc_bss)
 *(.jla_v2_codec_c_bss)
 *(.jla_v2_codec_ari_c_bss)
 *(.mp3_dec.data.bss)
 *(.mp3.data.bss)
 *(.mp3tsy.data.bss)
 *(.mty.data.bss)
 *(.flac_dec.data.bss)
 *(.flac.data.bss)
 *(.wma_dec.data.bss)
 *(.wma.data.bss)
 *(.wav.data.bss)
 *(.wav_dec.data.bss)
 *(.f2a_dec.data.bss)
 *(.f2a.data.bss)
 *(.opus_enc.data.bss)
 *(.opus.data.bss)
 *(.ogg_opus_dec.bss)
 *(.ogg.data.bss)
 *(.ogg_vorbis_dec.bss)
 *(.aptx_dec.data.bss)
 *(.wtg_dec.data.bss)
 *(.g729.data.bss)
 *(.wtgv2_dec.data.bss)
 *(.wts.data.bss)
 *(.dts_dec.data.bss)
 *(.dts.data.bss)
 *(.ape_dec.data.bss)
 *(.ape.data.bss)
 *(.amr_dec.data.bss)
 *(.amr.data.bss)
 *(.m4a_dec.data.bss)
 *(.m4a.data.bss)
 *(.alac.data.bss)
 *(.audio_track_bss)
 *(.anc_bss)
 *(.anc_core_bss)
 *(.anc_user_bss)
 *(.anc_box_bss)
 *(.anc_btspp_bss)
 *(.anc_debug_bss)
                0x00167d8c                media_lib_bss_end = .
                0x00000000                media_lib_bss_size = (media_lib_bss_end - media_lib_bss_begin)
                0x00167d8c                . = ALIGN (0x4)
                0x00167d8c                system_bss_start = .
                0x00167d8c                . = ALIGN (0x4)
 *(.os_bss)
 *(.mem_heap)
 *(.memp_memory_x)
 *(.mem_bss)
 *(.os_port_bss)
 *(.uECC_bss)
 *(.ECDH_sample_bss)
                0x00167d8c                . = ALIGN (0x4)
                0x00167d8c                system_bss_end = .

.data_code      0x00167da0     0xadb8
                0x00167da0                data_code_pc_limit_begin = .
                0x00167da0                . = ALIGN (0x4)
                0x00167da0                cvp_data_code_begin = .
                0x00167da0                . = ALIGN (0x4)
                0x00167da0                cvp_data_code_end = .
                0x00000000                cvp_data_code_size = (cvp_data_code_end - cvp_data_code_begin)
                0x00167da0                media_data_code_start = .
                0x00167da0                . = ALIGN (0x4)
 *(.kws_common_data_multi_26k)
 *(.jlsp_kws_music_code)
 *(.jlsp_kws_music_const)
 *(.jlsp_far_keyword_const)
 *(.jlsp_far_keyword_code)
 *(.jlsp_far_front_code)
 *(.jlsp_far_front_const)
                0x00167da0                aac_dec_code_begin = .
 *(.bt_aac_dec_code)
 *(.bt_aac_dec_sparse_code)
 *(.bt_aac_dec.text.cache.L2.run)
 .bt_aac_dec.text.cache.L2.run
                0x00167da0     0x2d8c cpu/br28/tools/sdk.elf.o
                0x0016ab2c                aac_dec_code_end = .
                0x00002d8c                aac_dec_code_size = (aac_dec_code_end - aac_dec_code_begin)
                0x0016ab2c                . = ALIGN (0x4)
                0x0016ab2c                bt_aac_dec_const_begin = .
 *(.bt_aac_dec_const)
 *(.bt_aac_dec_sparse_const)
 *(.bt_aac_dec.text.cache.L2.const)
 .bt_aac_dec.text.cache.L2.const
                0x0016ab2c       0x44 cpu/br28/tools/sdk.elf.o
                0x0016ab70                bt_aac_dec_const_end = .
                0x00000044                bt_aac_dec_const_size = (bt_aac_dec_const_end - bt_aac_dec_const_begin)
                0x0016ab70                . = ALIGN (0x4)
 *(.aac_mem)
 *(.aac_ctrl_mem)
                0x0016ab70                . = ALIGN (0x4)
 *(.pSOUND360TD_cal_sparse_code)
 *(.pSOUND360TD_cal_code)
 *(.pSOUND360TD_cal_const)
 *(.spatial_mem)
 *(.TDSpatial.text)
 *(.TDSpatial.text.cache.L2.code)
 *(.ldac_dec.text)
 *(.ldac_dec.text.const)
 *(.ldac.text)
 *(.ldac.text.const)
 *(.ldac_dec.text.cache.L2.run)
 *(.ldac_dec.text.cache.L2.const)
                0x0016ab70                . = ALIGN (0x4)
 *(.jla_dec.text.const)
 *(.jla_dec.text)
 *(.jla_enc.text.const)
 *(.jla_enc.text)
 *(.jla_codec_c_const)
 *(.jla_codec_c_code)
 *(.jla_codec_c_sparse_code)
 *(.jla_codec_d_code)
 *(.jla_codec_e_code)
                0x0016ab70                . = ALIGN (0x4)
 *(.jl_codec_c_const)
 *(.jl_codec_c_code)
 *(.jl_codec_ari_c_const)
 *(.jl_codec_ari_c_code)
 *(.jl_codec_c_sparse_code)
 *(.jl_codec_d_code)
 *(.jl_codec_e_code)
 *(.jl_codec_t8k_code)
 *(.jl_codec_t16k_code)
 *(.jl_codec_t24k_code)
 *(.jl_codec_t32k_code)
 *(.jl_codec_t441k_code)
 *(.jl_codec_const)
 *(.vbss.text.cache.L2.code)
 *(.reverb_cal.text.cache.L2.run)
 *(.plateReverb_adv.text.cache.L2.run)
 *(.plate_reverb.text)
 *(.echo.text)
 *(.voiceChanger.text.cache.L2.run)
 *(.voiceChanger.text.const)
 *(.voiceChanger.text)
 *(.advaudio_plc.text.cache.L2.run)
 .advaudio_plc.text.cache.L2.run
                0x0016ab70      0x954 cpu/br28/tools/sdk.elf.o
 *(.wdrc.text)
 *(.drc.text.cache.L2.code)
 *(.crossover.text.cache.L2.code)
 *(.BandMerge.text.cache.L2.code)
 *(.multiband_drc.text)
 *(.HarmonicExciter.text.cache.L2.run)
 *(.HarmonicExciter.text.const)
 *(.dynamiceq.text.cache.L2.code)
 *(.notchhowling.text.cache.L2.code)
 *(.notchhowling.text.cache.L2.const)
 *(.FrequencyShift.text.cache.L2.run)
 *(.FrequencyShift.text.const)
 *(.noisegate.text.cache.L2.code)
 *(.mixer.text.cache.L2)
 *(.dac.text.cache.L2)
 .dac.text.cache.L2
                0x0016b4c4       0xec cpu/br28/tools/sdk.elf.o
 *(.convert.text.cache.L2.code)
 .convert.text.cache.L2.code
                0x0016b5b0       0xa0 cpu/br28/tools/sdk.elf.o
 *(.VocalRemove.text.cache.L2.code)
                0x0016b650                . = ALIGN (0x4)
                0x0016b650                media_data_code_end = .
                0x000038b0                media_data_code_size = (media_data_code_end - media_data_code_start)
 *(.flushinv_icache)
 *(.cache)
 .cache         0x0016b650       0x8c cpu/br28/tools/sdk.elf.o
 *(.os_critical_code)
 .os_critical_code
                0x0016b6dc      0x1be cpu/br28/tools/sdk.elf.o
 *(.os.text*)
 .os.text       0x0016b89a     0x14f0 cpu/br28/tools/sdk.elf.o
 .os.text.cache.L1
                0x0016cd8a      0x8c8 cpu/br28/tools/sdk.elf.o
                0x0016ce1a                jiffies_msec
                0x0016ce4a                jiffies_msec2offset
                0x0016ce62                jiffies_offset2msec
                0x0016ce70                vmalloc_
                0x0016d02e                vfree_
                0x0016d212                jiffies_usec
                0x0016d242                task_info_get_time
                0x0016d264                jiffies_usec2offset
                0x0016d288                task_info_update_runtime
                0x0016d2e4                vcopy_
                0x0016d34e                vfree_v2
                0x0016d4c4                vmalloc_v2
                0x0016d63e                jiffies_offset2usec
 .os.text.str   0x0016d652      0x55d cpu/br28/tools/sdk.elf.o
 *(.volatile_ram_code)
 *fill*         0x0016dbaf        0x1 
 .volatile_ram_code
                0x0016dbb0     0x1e94 cpu/br28/tools/sdk.elf.o
                0x0016e08c                sfc1_flash_addr2cpu_addr
                0x0016e1e8                spi_for_maskrom_init
                0x0016e33a                exception_analyze
                0x0016e56a                sfc1_cpu_addr2flash_addr
                0x0016e65a                hw_mmu_disable
                0x0016e6fe                cpu1_power_off_resume
 .volatile_ram_code
                0x0016fa44       0xfe cpu/br28/liba/cpu.a(startup.S.o)
                0x0016fa64                cpu1_start
                0x0016fa78                __cpu_irq_disabled
                0x0016fa9c                cpu1_power_off_resume_S
                0x0016faa8                __BT_UPDATA_JUMP
                0x0016fb2e                exception_irq_handler
 .volatile_ram_code
                0x0016fb42       0x5a cpu/br28/liba/system.a(movable.S.o)
                0x0016fb42                movable_swi_entry
 *(.chargebox_code)
 *(.movable.stub.1)
 *(.*.text.cache.L1)
 .clock.text.cache.L1
                0x0016fb9c      0x280 cpu/br28/tools/sdk.elf.o
 .memory.text.cache.L1
                0x0016fe1c       0x5a cpu/br28/tools/sdk.elf.o
 *fill*         0x0016fe76        0xa 
 .power_driver.text.cache.L1
                0x0016fe80     0x16a0 cpu/br28/tools/sdk.elf.o
 .vm_spi.text.cache.L1
                0x00171520      0x192 cpu/br28/tools/sdk.elf.o
 .baseband.text.cache.L1
                0x001716b2      0x4bc cpu/br28/tools/sdk.elf.o
 .audio.text.cache.L1
                0x00171b6e       0x14 cpu/br28/tools/sdk.elf.o
 .hw_fft.text.cache.L1
                0x00171b82       0x52 cpu/br28/tools/sdk.elf.o
 .gptimer.text.cache.L1
                0x00171bd4      0x15a cpu/br28/tools/sdk.elf.o
 .usb.text.cache.L1
                0x00171d2e       0x52 cpu/br28/tools/sdk.elf.o
 .classic.text.cache.L1
                0x00171d80      0x140 cpu/br28/tools/sdk.elf.o
 .timer.text.cache.L1
                0x00171ec0       0xa4 cpu/br28/tools/sdk.elf.o
                0x00171ec0                audio_jiffies_usec
 .hw_eq_irq_handler.text.cache.L1
                0x00171f64       0x12 cpu/br28/tools/sdk.elf.o
 *(.*.text.const.cache.L2)
 *fill*         0x00171f76        0x2 
 .lmp.text.const.cache.L2
                0x00171f78       0x5c cpu/br28/tools/sdk.elf.o
 *(.jlstream.text.cache.L2)
 .jlstream.text.cache.L2
                0x00171fd4      0xb84 cpu/br28/tools/sdk.elf.o
 *(.ui_ram)
 *(.math_fast_funtion_code)
                0x00172b58                . = ALIGN (0x4)
                0x00172b58                __fm_movable_slot_start = .
 *(.movable.slot.1)
                0x00172b58                __fm_movable_slot_end = .
                0x00172b58                __bt_movable_slot_start = .
 *(.movable.slot.2)
                0x00172b58                __bt_movable_slot_end = .
                0x00172b58                . = ALIGN (0x4)
                0x00172b58                __aac_movable_slot_start = .
 *(.movable.slot.3)
                0x00172b58                __aac_movable_slot_end = .
                0x00172b58                . = ALIGN (0x4)
                0x00172b58                __aec_movable_slot_start = .
 *(.movable.slot.4)
                0x00172b58                __aec_movable_slot_end = .
                0x00172b58                . = ALIGN (0x4)
                0x00172b58                __mic_eff_movable_slot_start = .
 *(.movable.slot.5)
                0x00172b58                __mic_eff_movable_slot_end = .
                0x00172b58                . = ALIGN (0x4)
 *(.movable.stub.*)
                0x00172b58                . = ALIGN (0x4)
 *(.spi_code)
                0x00172b58                . = ALIGN (0x4)
 *(.debug_code)
 *(.power_driver.text.cache.L1)
                0x00172b58                . = ALIGN (0x4)
                0x00172b58                . = ALIGN (0x4)
 *(.os_code)
                0x00172b58                . = ALIGN (0x4)

.movable_code
                0x00172b58                __report_overlay_begin = .
                0x00172b58                data_code_pc_limit_end = .
                0x00172b58                __report_overlay_end = .

.debug_record_info
                0x00172b60        0x0
 *(.debug_record)
                0x00172b60                . = ALIGN (0x4)
                0x00172b60                _HEAP_BEGIN = .
                0x0019fb80                _HEAP_END = RAM0_END
                0x02000000                . = ORIGIN (psr_ram)

.psr_data_code  0x02000000        0x0
 *(.psram_data_code)
                0x02000000                . = ALIGN (0x4)
